<?xml version="1.0" encoding="utf-8"?><testsuites name="pytest tests"><testsuite name="pytest" errors="4" failures="0" skipped="48" tests="879" time="177.092" timestamp="2025-09-03T12:28:14.699692-04:00" hostname="DESKTOP-L9V85UA"><testcase classname="tests.unit.domain.preprocessing.test_pipeline.TestBandpassFilter" name="test_bandpass_filter_initialization" time="1.168" /><testcase classname="tests.unit.domain.ports.test_behavior.TestEEGPreprocessorPort" name="test_preprocessor_implements_protocol" time="1.137" /><testcase classname="tests.unit.presentation.test_pdf_report.TestPDFReportGeneration" name="test_pdf_report_structure" time="8.298" /><testcase classname="tests.unit.infra.ml_models.test_compat_coverage.TestEEGPTConfigEdgeCases" name="test_config_post_init_calculates_window_samples" time="1.140" /><testcase classname="tests.unit.domain.test_channels.TestChannelConstants" name="test_tuab_has_19_channels" time="1.150" /><testcase classname="tests.unit.domain.quality.test_controller.TestEEGQualityControllerClean" name="test_init_controller" time="1.148" /><testcase classname="tests.unit.domain.preprocessing.test_nan_policy.TestValidateNoNaN" name="test_validate_clean_numpy_array" time="1.172" /><testcase classname="tests.unit.application.jobs.test_store_behavior.TestJobStoreBasicOperations" name="test_create_and_get_job" time="1.156" /><testcase classname="tests.unit.domain.preprocessing.test_window_tail" name="test_tail_handling_doesnt_produce_partial_frames" time="1.160" /><testcase classname="tests.unit.domain.test_settings.TestAbnormalitySettings" name="test_default_settings_are_valid" time="1.160" /><testcase classname="tests.unit.infra.ml_models.test_compat_coverage.TestEEGPTConfigEdgeCases" name="test_config_n_patches_per_window_property" time="0.001" /><testcase classname="tests.unit.domain.ports.test_behavior.TestEEGPreprocessorPort" name="test_transform_normalizes_data" time="0.010" /><testcase classname="tests.unit.infra.serialization.test_edge_cases.TestSerializationEdgeCases" name="test_serialize_none_values" time="1.184" /><testcase classname="tests.unit.domain.test_channels.TestChannelConstants" name="test_tuev_has_20_channels" time="0.001" /><testcase classname="tests.unit.infra.ml_models.test_compat_coverage.TestEEGPTConfigEdgeCases" name="test_config_validation_raises_on_indivisible_samples" time="0.014" /><testcase classname="tests.unit.domain.quality.test_controller.TestEEGQualityControllerClean" name="test_init_with_eegpt_path" time="0.563" /><testcase classname="tests.unit.infra.ml_models.test_pipeline.TestEEGPTPreprocessing" name="test_preprocess_resampling" time="1.411" /><testcase classname="tests.unit.domain.test_channels.TestChannelConstants" name="test_channel_order_preserved" time="0.001" /><testcase classname="tests.unit.domain.test_channels.TestChannelConstants" name="test_no_duplicate_channels" time="0.000" /><testcase classname="tests.unit.domain.test_settings.TestAbnormalitySettings" name="test_immutability" time="0.011" /><testcase classname="tests.unit.domain.ports.test_behavior.TestEEGPreprocessorPort" name="test_transform_handles_different_sizes" time="0.014" /><testcase classname="tests.unit.domain.preprocessing.test_window_tail" name="test_zero_stride_raises_error" time="0.010" /><testcase classname="tests.unit.application.jobs.test_store_behavior.TestJobStoreBasicOperations" name="test_create_duplicate_raises" time="0.009" /><testcase classname="tests.unit.domain.test_channels.TestChannelConstants" name="test_channel_aliases_map_old_to_new" time="0.000" /><testcase classname="tests.unit.domain.test_channels.TestValidateChannels" name="test_validate_exact_match" time="0.001" /><testcase classname="tests.unit.domain.preprocessing.test_pipeline.TestBandpassFilter" name="test_bandpass_filter_removes_dc_offset" time="0.044" /><testcase classname="tests.unit.domain.test_settings.TestAbnormalitySettings" name="test_validate_abnormal_threshold_bounds" time="0.001" /><testcase classname="tests.unit.domain.preprocessing.test_nan_policy.TestValidateNoNaN" name="test_validate_clean_torch_tensor" time="0.002" /><testcase classname="tests.unit.infra.ml_models.test_compat_coverage.TestEEGPTModelEdgeCases" name="test_model_with_dict_config" time="0.001" /><testcase classname="tests.unit.domain.preprocessing.test_window_tail" name="test_negative_stride_handling" time="0.001" /><testcase classname="tests.unit.domain.test_channels.TestValidateChannels" name="test_validate_with_aliasing" time="0.001" /><testcase classname="tests.unit.domain.test_settings.TestAbnormalitySettings" name="test_validate_confidence_threshold_bounds" time="0.001" /><testcase classname="tests.unit.domain.preprocessing.test_nan_policy.TestValidateNoNaN" name="test_validate_raises_on_nan_numpy" time="0.018" /><testcase classname="tests.unit.application.jobs.test_store_behavior.TestJobStoreBasicOperations" name="test_get_nonexistent_returns_none" time="0.001" /><testcase classname="tests.unit.domain.ports.test_behavior.TestAbnormalityHeadPort" name="test_head_implements_protocol" time="0.001" /><testcase classname="tests.unit.domain.test_channels.TestValidateChannels" name="test_validate_wrong_count_raises" time="0.015" /><testcase classname="tests.unit.domain.preprocessing.test_window_tail" name="test_exact_multiple_windows" time="0.014" /><testcase classname="tests.unit.domain.test_settings.TestAbnormalitySettings" name="test_validate_triage_threshold_ordering" time="0.002" /><testcase classname="tests.unit.infra.ml_models.test_compat_coverage.TestEEGPTModelEdgeCases" name="test_model_with_object_config" time="0.001" /><testcase classname="tests.unit.domain.ports.test_behavior.TestAbnormalityHeadPort" name="test_predict_proba_returns_probability" time="0.001" /><testcase classname="tests.unit.application.jobs.test_store_behavior.TestJobStoreBasicOperations" name="test_update_job_fields" time="0.001" /><testcase classname="tests.unit.domain.test_settings.TestAbnormalitySettings" name="test_validate_window_duration" time="0.001" /><testcase classname="tests.unit.infra.ml_models.test_compat_coverage.TestEEGPTModelEdgeCases" name="test_extract_windows_method" time="0.001" /><testcase classname="tests.unit.domain.test_settings.TestAbnormalitySettings" name="test_validate_window_overlap" time="0.001" /><testcase classname="tests.unit.domain.ports.test_behavior.TestAbnormalityHeadPort" name="test_threshold_affects_predictions" time="0.001" /><testcase classname="tests.unit.application.jobs.test_store_behavior.TestJobStoreBasicOperations" name="test_update_nonexistent_returns_false" time="0.001" /><testcase classname="tests.unit.domain.test_settings.TestAbnormalitySettings" name="test_all_parameters_configurable" time="0.000" /><testcase classname="tests.unit.domain.test_channels.TestValidateChannels" name="test_validate_missing_channel_raises" time="0.001" /><testcase classname="tests.unit.domain.preprocessing.test_window_tail" name="test_one_sample_short_of_window" time="0.001" /><testcase classname="tests.unit.infra.ml_models.test_compat_coverage.TestEEGPTModelEdgeCases" name="test_extract_features_batch_with_numpy" time="0.168" /><testcase classname="tests.unit.domain.preprocessing.test_nan_policy.TestValidateNoNaN" name="test_validate_raises_on_inf_numpy" time="0.001" /><testcase classname="tests.unit.infra.serialization.test_edge_cases.TestSerializationEdgeCases" name="test_serialize_empty_containers" time="0.001" /><testcase classname="tests.unit.domain.test_settings.TestQualitySettings" name="test_default_settings" time="0.000" /><testcase classname="tests.unit.domain.ports.test_behavior.TestFeatureExtractorPort" name="test_extractor_implements_protocol" time="0.001" /><testcase classname="tests.unit.domain.test_channels.TestValidateChannels" name="test_validate_extra_channel_raises" time="0.001" /><testcase classname="tests.unit.domain.preprocessing.test_window_tail" name="test_overlap_creates_many_windows" time="0.001" /><testcase classname="tests.unit.application.jobs.test_store_behavior.TestJobStoreBasicOperations" name="test_patch_specific_fields" time="0.001" /><testcase classname="tests.unit.domain.preprocessing.test_nan_policy.TestValidateNoNaN" name="test_validate_raises_on_nan_torch" time="0.001" /><testcase classname="tests.unit.domain.test_settings.TestQualitySettings" name="test_immutability" time="0.001" /><testcase classname="tests.unit.domain.ports.test_behavior.TestFeatureExtractorPort" name="test_extract_returns_features" time="0.028" /><testcase classname="tests.unit.domain.test_channels.TestValidateChannels" name="test_validate_both_missing_and_extra" time="0.001" /><testcase classname="tests.unit.infra.serialization.test_edge_cases.TestSerializationEdgeCases" name="test_serialize_special_strings" time="0.001" /><testcase classname="tests.unit.domain.test_settings.TestQualitySettings" name="test_custom_thresholds" time="0.001" /><testcase classname="tests.unit.domain.preprocessing.test_nan_policy.TestValidateNoNaN" name="test_validate_raises_on_inf_torch" time="0.001" /><testcase classname="tests.unit.domain.preprocessing.test_window_tail" name="test_no_overlap_sequential_windows" time="0.003" /><testcase classname="tests.unit.domain.test_channels.TestValidateChannels" name="test_validate_case_sensitive" time="0.001" /><testcase classname="tests.unit.application.jobs.test_store_behavior.TestJobStoreBasicOperations" name="test_patch_invalid_field_raises" time="0.005" /><testcase classname="tests.unit.domain.test_settings.TestQualitySettings" name="test_weight_configuration" time="0.000" /><testcase classname="tests.unit.domain.test_channels.TestValidateChannels" name="test_validate_eeg_prefix_aliasing" time="0.001" /><testcase classname="tests.unit.domain.preprocessing.test_pipeline.TestBandpassFilter" name="test_bandpass_filter_removes_high_frequencies" time="0.024" /><testcase classname="tests.unit.domain.preprocessing.test_window_tail" name="test_high_sample_rate" time="0.001" /><testcase classname="tests.unit.domain.preprocessing.test_nan_policy.TestValidateNoNaN" name="test_validate_unsupported_type" time="0.001" /><testcase classname="tests.unit.infra.serialization.test_edge_cases.TestSerializationEdgeCases" name="test_serialize_large_numbers" time="0.001" /><testcase classname="tests.unit.domain.test_settings.TestQualitySettings" name="test_minimum_requirements" time="0.000" /><testcase classname="tests.unit.domain.test_channels.TestMapChannelsToIndices" name="test_map_identical_channels" time="0.001" /><testcase classname="tests.unit.domain.preprocessing.test_window_tail" name="test_low_sample_rate" time="0.001" /><testcase classname="tests.unit.domain.test_settings.TestFeatureSettings" name="test_default_frequency_bands" time="0.001" /><testcase classname="tests.unit.domain.preprocessing.test_nan_policy.TestValidateNoNaN" name="test_validate_negative_inf" time="0.001" /><testcase classname="tests.unit.application.jobs.test_store_behavior.TestJobStoreBasicOperations" name="test_patch_nonexistent_job_returns_false" time="0.001" /><testcase classname="tests.unit.domain.test_channels.TestMapChannelsToIndices" name="test_map_reordered_channels" time="0.001" /><testcase classname="tests.unit.domain.test_settings.TestFeatureSettings" name="test_default_preprocessing_parameters" time="0.000" /><testcase classname="tests.unit.infra.serialization.test_edge_cases.TestSerializationEdgeCases" name="test_serialize_mixed_type_lists" time="0.001" /><testcase classname="tests.unit.domain.preprocessing.test_window_tail" name="test_single_channel" time="0.001" /><testcase classname="tests.unit.domain.preprocessing.test_nan_policy.TestSanitizeData" name="test_sanitize_zero_method_numpy" time="0.001" /><testcase classname="tests.unit.domain.test_channels.TestMapChannelsToIndices" name="test_map_with_aliasing" time="0.000" /><testcase classname="tests.unit.domain.test_settings.TestFeatureSettings" name="test_immutability" time="0.001" /><testcase classname="tests.unit.domain.preprocessing.test_window_tail" name="test_many_channels" time="0.001" /><testcase classname="tests.unit.domain.preprocessing.test_nan_policy.TestSanitizeData" name="test_sanitize_zero_method_torch" time="0.078" /><testcase classname="tests.unit.application.jobs.test_store_behavior.TestJobStoreThreadSafety" name="test_concurrent_creates_different_jobs" time="0.006" /><testcase classname="tests.unit.domain.test_channels.TestMapChannelsToIndices" name="test_map_missing_channel_raises" time="0.001" /><testcase classname="tests.unit.domain.test_settings.TestFeatureSettings" name="test_custom_frequency_bands" time="0.000" /><testcase classname="tests.unit.infra.serialization.test_edge_cases.TestSerializationEdgeCases" name="test_serialize_deeply_nested" time="0.001" /><testcase classname="tests.unit.domain.preprocessing.test_window_tail" name="test_fractional_window_samples" time="0.001" /><testcase classname="tests.unit.domain.test_channels.TestMapChannelsToIndices" name="test_map_subset_of_source" time="0.001" /><testcase classname="tests.unit.domain.test_settings.TestFeatureSettings" name="test_window_parameters" time="0.000" /><testcase classname="tests.unit.domain.ports.test_behavior.TestFeatureExtractorPort" name="test_extract_consistent_features" time="0.001" /><testcase classname="tests.unit.domain.test_settings.TestFeatureSettings" name="test_fft_and_entropy_parameters" time="0.000" /><testcase classname="tests.unit.domain.test_channels.TestMapChannelsToIndices" name="test_map_preserves_duplicates_in_source" time="0.001" /><testcase classname="tests.unit.domain.preprocessing.test_window_tail" name="test_data_shorter_than_window" time="0.001" /><testcase classname="tests.unit.infra.serialization.test_edge_cases.TestSerializationEdgeCases" name="test_deserialize_malformed_json" time="0.001" /><testcase classname="tests.unit.domain.preprocessing.test_pipeline.TestBandpassFilter" name="test_bandpass_filter_multichannel" time="0.005" /><testcase classname="tests.unit.infra.redis.test_pool.TestCircuitBreaker" name="test_initial_state" time="1.296" /><testcase classname="tests.unit.application.jobs.test_store_behavior.TestJobStoreThreadSafety" name="test_concurrent_creates_same_job" time="0.004" /><testcase classname="tests.unit.domain.test_settings.TestFeatureSettings" name="test_notch_freq_for_us_standard" time="0.001" /><testcase classname="tests.unit.domain.test_channels.TestMapChannelsToIndices" name="test_map_empty_channels" time="0.000" /><testcase classname="tests.unit.domain.preprocessing.test_window_tail" name="test_data_exactly_window_size" time="0.002" /><testcase classname="tests.unit.domain.ports.test_behavior.TestLoggerPort" name="test_logger_implements_protocol" time="0.001" /><testcase classname="tests.unit.domain.test_settings.TestFeatureSettings" name="test_all_parameters_configurable" time="0.001" /><testcase classname="tests.unit.domain.test_channels.TestMapChannelsToIndices" name="test_map_tuab_to_tuev" time="0.001" /><testcase classname="tests.unit.infra.serialization.test_edge_cases.TestSerializationEdgeCases" name="test_serialize_datetime_objects" time="0.019" /><testcase classname="tests.unit.domain.test_settings.TestSettingsInteraction" name="test_settings_independence" time="0.000" /><testcase classname="tests.unit.domain.ports.test_behavior.TestLoggerPort" name="test_logger_methods_capture_messages" time="0.001" /><testcase classname="tests.unit.domain.test_channels.TestChannelCompatibility" name="test_tuab_tuev_difference" time="0.000" /><testcase classname="tests.unit.domain.preprocessing.test_pipeline.TestNotchFilter" name="test_notch_filter_initialization" time="0.002" /><testcase classname="tests.unit.domain.preprocessing.test_window_tail" name="test_window_extraction_preserves_dtype" time="0.002" /><testcase classname="tests.unit.application.jobs.test_store_behavior.TestJobStoreThreadSafety" name="test_concurrent_updates" time="0.013" /><testcase classname="tests.unit.domain.test_settings.TestSettingsInteraction" name="test_combined_usage_pattern" time="0.001" /><testcase classname="tests.unit.domain.test_channels.TestChannelCompatibility" name="test_all_channels_mixed_case" time="0.001" /><testcase classname="tests.unit.domain.ports.test_behavior.TestLoggerPort" name="test_logger_clear_functionality" time="0.001" /><testcase classname="tests.unit.domain.test_settings.TestSettingsInteraction" name="test_settings_hashability" time="0.001" /><testcase classname="tests.unit.domain.preprocessing.test_pipeline.TestNotchFilter" name="test_notch_filter_removes_target_frequency" time="0.002" /><testcase classname="tests.unit.domain.test_channels.TestChannelCompatibility" name="test_realistic_tuab_validation" time="0.001" /><testcase classname="tests.unit.infra.ml_models.test_probe.TestLinearProbeHead" name="test_initialization" time="0.119" /><testcase classname="tests.unit.api.test_app.TestNumpyEncoder" name="test_encode_numpy_integer" time="0.001" /><testcase classname="tests.unit.domain.ports.test_behavior.TestMneRawProtocol" name="test_mock_implements_protocol" time="0.001" /><testcase classname="tests.unit.domain.preprocessing.test_pipeline.TestNotchFilter" name="test_notch_filter_preserves_nearby_frequencies" time="0.002" /><testcase classname="tests.unit.infra.cache.test_factory.TestMemoryCache" name="test_memory_cache_get_set" time="1.327" /><testcase classname="tests.unit.api.test_app.TestNumpyEncoder" name="test_encode_numpy_float" time="0.014" /><testcase classname="tests.unit.infra.serialization.test_edge_cases.TestSerializationEdgeCases" name="test_serialize_bytes_objects" time="0.001" /><testcase classname="tests.unit.application.jobs.test_store_behavior.TestJobStoreThreadSafety" name="test_concurrent_read_while_updating" time="0.109" /><testcase classname="tests.unit.domain.ports.test_behavior.TestMneRawProtocol" name="test_raw_properties" time="0.001" /><testcase classname="tests.unit.domain.preprocessing.test_pipeline.TestNormalizer" name="test_zscore_normalization_single_channel" time="0.001" /><testcase classname="tests.unit.infra.serialization.test_edge_cases.TestSerializationEdgeCases" name="test_complex_nested_dataclass" time="0.001" /><testcase classname="tests.unit.domain.ports.test_behavior.TestMneRawProtocol" name="test_raw_get_data" time="0.001" /><testcase classname="tests.unit.domain.preprocessing.test_pipeline.TestNormalizer" name="test_zscore_normalization_multichannel" time="0.003" /><testcase classname="tests.unit.infra.serialization.test_edge_cases.TestSerializationEdgeCases" name="test_registry_duplicate_registration" time="0.001" /><testcase classname="tests.unit.domain.ports.test_behavior.TestMneRawProtocol" name="test_raw_copy" time="0.001" /><testcase classname="tests.unit.api.test_app.TestNumpyEncoder" name="test_encode_numpy_array" time="0.001" /><testcase classname="tests.unit.domain.preprocessing.test_pipeline.TestNormalizer" name="test_robust_normalization_with_outliers" time="0.052" /><testcase classname="tests.unit.infra.serialization.test_edge_cases.TestSerializationEdgeCases" name="test_serialize_special_dict_keys" time="0.001" /><testcase classname="tests.unit.api.test_app.TestNumpyEncoder" name="test_encode_regular_types_fallback" time="0.001" /><testcase classname="tests.unit.infra.redis.test_pool.TestCircuitBreaker" name="test_failure_threshold_reached" time="0.016" /><testcase classname="tests.unit.domain.ports.test_behavior.TestProtocolComposition" name="test_pipeline_composition" time="0.001" /><testcase classname="tests.unit.infra.serialization.test_edge_cases.TestSerializationEdgeCases" name="test_serialize_recursive_list" time="0.001" /><testcase classname="tests.unit.api.test_app.TestAppFactory" name="test_create_app_configuration" time="0.028" /><testcase classname="tests.unit.application.test_async_base.TestAsyncCapable" name="test_launch_from_sync_context" time="0.005" /><testcase classname="tests.unit.infra.serialization.test_edge_cases.TestSerializationEdgeCases" name="test_deserialize_with_escape_sequences" time="0.001" /><testcase classname="tests.unit.domain.preprocessing.test_nan_policy.TestSanitizeData" name="test_sanitize_median_method_1d" time="0.026" /><testcase classname="tests.unit.application.test_async_base.TestAsyncCapable" name="test_launch_async_from_async_context" time="0.002" /><testcase classname="tests.unit.infra.serialization.test_edge_cases.TestSerializationEdgeCases" name="test_serialize_inf_and_nan" time="0.001" /><testcase classname="tests.unit.infra.redis.test_pool.TestCircuitBreaker" name="test_success_resets_failure_count" time="0.001" /><testcase classname="tests.unit.application.test_async_base.TestAsyncCapable" name="test_launch_from_async_context_raises" time="0.015" /><testcase classname="tests.unit.infra.redis.test_pool.TestCircuitBreaker" name="test_circuit_open_blocks_execution" time="0.001" /><testcase classname="tests.unit.infra.serialization.test_edge_cases.TestSerializationEdgeCases" name="test_deserialize_unicode_escapes" time="0.001" /><testcase classname="tests.unit.infra.cache.test_factory.TestMemoryCache" name="test_memory_cache_stores_any_type" time="0.001" /><testcase classname="tests.unit.infra.cache.test_factory.TestMemoryCache" name="test_memory_cache_delete" time="0.001" /><testcase classname="tests.unit.infra.redis.test_pool.TestCircuitBreaker" name="test_circuit_recovery_after_timeout" time="0.201" /><testcase classname="tests.unit.infra.serialization.test_edge_cases.TestSerializationEdgeCases" name="test_serialize_pathlib_path" time="0.001" /><testcase classname="tests.unit.infra.serialization.test_edge_cases.TestSerializationEdgeCases" name="test_deserialize_trailing_data" time="0.001" /><testcase classname="tests.unit.infra.cache.test_factory.TestMemoryCache" name="test_memory_cache_exists" time="0.001" /><testcase classname="tests.unit.application.test_async_base.TestAsyncCapable" name="test_multiple_sync_launches" time="0.003" /><testcase classname="tests.unit.domain.preprocessing.test_nan_policy.TestSanitizeData" name="test_sanitize_median_method_2d" time="0.001" /><testcase classname="tests.unit.infra.cache.test_factory.TestMemoryCache" name="test_memory_cache_clear" time="0.001" /><testcase classname="tests.unit.infra.serialization.test_edge_cases.TestSerializationEdgeCases" name="test_serialize_numpy_types" time="0.001" /><testcase classname="tests.unit.domain.preprocessing.test_nan_policy.TestSanitizeData" name="test_sanitize_mean_method_1d" time="0.001" /><testcase classname="tests.unit.application.test_async_base.TestAsyncAnalyzer" name="test_supports_default_implementation" time="0.001" /><testcase classname="tests.unit.domain.preprocessing.test_pipeline.TestResampler" name="test_downsampling_preserves_signal_content" time="0.086" /><testcase classname="tests.unit.api.routers.test_cache.TestCacheRouterClean" name="test_get_cache_stats_success" time="0.511" /><testcase classname="tests.unit.infra.serialization.test_edge_cases.TestSerializationEdgeCases" name="test_deserialize_empty_string" time="0.001" /><testcase classname="tests.unit.infra.cache.test_factory.TestMemoryCache" name="test_memory_cache_close" time="0.001" /><testcase classname="tests.unit.application.test_async_base.TestAsyncAnalyzer" name="test_supports_custom_implementation" time="0.001" /><testcase classname="tests.unit.domain.preprocessing.test_nan_policy.TestSanitizeData" name="test_sanitize_mean_method_2d" time="0.001" /><testcase classname="tests.unit.infra.serialization.test_edge_cases.TestSerializationEdgeCases" name="test_deserialize_whitespace_only" time="0.001" /><testcase classname="tests.unit.infra.cache.test_factory.TestMemoryCache" name="test_memory_cache_ttl_tracking" time="0.001" /><testcase classname="tests.unit.infra.ml_models.test_compat_coverage.TestEEGPTModelEdgeCases" name="test_extract_features_batch_with_torch" time="0.002" /><testcase classname="tests.unit.application.test_async_base.TestAsyncAnalyzer" name="test_analyze_sync_method" time="0.004" /><testcase classname="tests.unit.domain.preprocessing.test_nan_policy.TestSanitizeData" name="test_sanitize_invalid_method" time="0.001" /><testcase classname="tests.unit.infra.cache.test_factory.TestMemoryCache" name="test_memory_cache_isolation" time="0.001" /><testcase classname="tests.unit.infra.serialization.test_edge_cases.TestSerializationEdgeCases" name="test_serialize_decimal" time="0.001" /><testcase classname="tests.unit.infra.ml_models.test_compat_coverage.TestEEGPTModelEdgeCases" name="test_extract_features_batch_without_encoder" time="0.011" /><testcase classname="tests.unit.application.test_async_base.TestAsyncAnalyzer" name="test_analyze_async_method" time="0.002" /><testcase classname="tests.unit.infra.cache.test_factory.TestCacheFactory" name="test_get_cache_memory_backend" time="0.001" /><testcase classname="tests.unit.domain.preprocessing.test_nan_policy.TestSanitizeData" name="test_sanitize_unsupported_type" time="0.001" /><testcase classname="tests.unit.infra.serialization.test_edge_cases.TestSerializationEdgeCases" name="test_dataclass_missing_from_dict" time="0.001" /><testcase classname="tests.unit.application.test_async_base.TestAsyncAnalyzer" name="test_analyzer_inheritance_chain" time="0.002" /><testcase classname="tests.unit.infra.cache.test_factory.TestCacheFactory" name="test_get_cache_invalid_backend" time="0.011" /><testcase classname="tests.unit.domain.preprocessing.test_nan_policy.TestSanitizeData" name="test_sanitize_all_nan_channel" time="0.001" /><testcase classname="tests.unit.infra.serialization.test_edge_cases.TestSerializationEdgeCases" name="test_dataclass_missing_to_dict" time="0.001" /><testcase classname="tests.unit.application.test_async_base.TestAsyncCapableEdgeCases" name="test_abstract_class_cannot_instantiate" time="0.001" /><testcase classname="tests.unit.infra.ml_models.test_probe.TestLinearProbeHead" name="test_forward_pass_3d_input" time="0.031" /><testcase classname="tests.unit.domain.preprocessing.test_nan_policy.TestSanitizeData" name="test_sanitize_preserves_device" time="1.305" /><testcase classname="tests.unit.infra.ml_models.test_compat_coverage.TestEEGPTModelEdgeCases" name="test_predict_abnormality_method" time="0.034" /><testcase classname="tests.unit.domain.abnormal.test_preprocessor.TestEEGPreprocessor" name="test_preprocessor_initialization" time="0.001" /><testcase classname="tests.unit.application.jobs.test_store_behavior.TestJobStoreThreadSafety" name="test_delete_job" time="0.004" /><testcase classname="tests.unit.application.test_async_base.TestAsyncCapableEdgeCases" name="test_abstract_analyzer_cannot_instantiate" time="0.001" /><testcase classname="tests.unit.infra.cache.test_factory.TestCacheFactory" name="test_get_cache_default_to_env" time="0.001" /><testcase classname="tests.unit.application.test_async_base.TestAsyncCapableEdgeCases" name="test_concurrent_async_executions" time="0.002" /><testcase classname="tests.unit.infra.cache.test_factory.TestCacheFactory" name="test_get_cache_redis_backend" time="0.001"><skipped type="pytest.skip" message="Redis not available for testing">/mnt/c/Users/JJ/Desktop/Clarity-Digital-Twin/brain-go-brrr/tests/unit/infra/cache/test_factory.py:199: Redis not available for testing</skipped></testcase><testcase classname="tests.unit.application.jobs.test_store_behavior.TestJobStoreThreadSafety" name="test_list_jobs" time="0.001" /><testcase classname="tests.unit.infra.ml_models.test_pipeline.TestEEGPTPreprocessing" name="test_preprocess_keeps_original_if_256hz" time="0.009" /><testcase classname="tests.unit.application.test_async_base.TestAsyncCapableEdgeCases" name="test_exception_propagation_sync" time="0.001" /><testcase classname="tests.unit.application.jobs.test_store_behavior.TestJobStoreThreadSafety" name="test_list_jobs_by_status" time="0.001" /><testcase classname="tests.unit.application.test_async_base.TestAsyncCapableEdgeCases" name="test_exception_propagation_async" time="0.001" /><testcase classname="tests.unit.infra.ml_models.test_probe.TestLinearProbeHead" name="test_forward_pass_2d_input" time="0.001" /><testcase classname="tests.unit.application.jobs.test_store_behavior.TestJobStoreThreadSafety" name="test_update_with_datetime" time="0.001" /><testcase classname="tests.unit.infra.ml_models.test_compat_coverage.TestEEGPTModelEdgeCases" name="test_cleanup_method" time="0.002" /><testcase classname="tests.unit.infra.ml_models.test_probe.TestLinearProbeHead" name="test_predict_proba" time="0.001" /><testcase classname="tests.unit.domain.sleep.test_enhanced_analyzer.TestEnhancedSleepAnalyzer" name="test_analyzer_initialization" time="0.001" /><testcase classname="tests.unit.infra.ml_models.test_pipeline.TestEEGPTPreprocessing" name="test_preprocess_preserves_data_continuity" time="0.052" /><testcase classname="tests.unit.domain.test_exceptions.TestExceptionHierarchy" name="test_base_exception" time="0.001" /><testcase classname="tests.unit.domain.test_exceptions.TestExceptionHierarchy" name="test_configuration_error" time="0.001" /><testcase classname="tests.unit.infra.ml_models.test_compat_coverage.TestEEGPTModelEdgeCases" name="test_get_cached_channel_ids" time="0.001" /><testcase classname="tests.unit.infra.ml_models.test_probe.TestLinearProbeHead" name="test_gradient_flow" time="0.223" /><testcase classname="tests.unit.infra.cache.test_factory.TestCacheFactory" name="test_memory_cache_conforms_to_protocol" time="0.001" /><testcase classname="tests.unit.domain.sleep.test_enhanced_analyzer.TestEnhancedSleepAnalyzer" name="test_yasa_config" time="0.003" /><testcase classname="tests.unit.domain.test_exceptions.TestExceptionHierarchy" name="test_processing_error" time="0.001" /><testcase classname="tests.unit.domain.preprocessing.test_pipeline.TestResampler" name="test_upsampling_interpolates_smoothly" time="0.001" /><testcase classname="tests.unit.infra.ml_models.test_compat_coverage.TestCompatibilityFunctions" name="test_preprocess_for_eegpt_with_filters" time="0.188" /><testcase classname="tests.unit.infra.cache.test_factory.TestCacheFactory" name="test_factory_deprecation_warning" time="0.001" /><testcase classname="tests.unit.domain.test_exceptions.TestExceptionHierarchy" name="test_edf_load_error" time="0.001" /><testcase classname="tests.unit.domain.sleep.test_enhanced_analyzer.TestEnhancedSleepAnalyzer" name="test_config_channel_preferences" time="0.001" /><testcase classname="tests.unit.domain.preprocessing.test_pipeline.TestResampler" name="test_resampling_multichannel" time="0.007" /><testcase classname="tests.unit.api.test_app.TestAppFactory" name="test_root_endpoint" time="0.501" /><testcase classname="tests.unit.domain.test_exceptions.TestExceptionHierarchy" name="test_sleep_analysis_error" time="0.001" /><testcase classname="tests.unit.infra.cache.test_factory.TestCacheFactoryEdgeCases" name="test_memory_cache_empty_string_key" time="0.001" /><testcase classname="tests.unit.domain.test_exceptions.TestExceptionHierarchy" name="test_unsupported_montage_error" time="0.001" /><testcase classname="tests.unit.domain.sleep.test_enhanced_analyzer.TestEnhancedSleepAnalyzer" name="test_custom_channel_preferences" time="0.001" /><testcase classname="tests.unit.domain.test_exceptions.TestExceptionHierarchy" name="test_model_load_error" time="0.001" /><testcase classname="tests.unit.infra.cache.test_factory.TestCacheFactoryEdgeCases" name="test_memory_cache_none_value" time="0.001" /><testcase classname="tests.unit.domain.preprocessing.test_pipeline.TestPreprocessingPipeline" name="test_pipeline_configuration" time="0.002" /><testcase classname="tests.unit.domain.test_exceptions.TestExceptionHierarchy" name="test_feature_extraction_error" time="0.001" /><testcase classname="tests.unit.infra.cache.test_factory.TestCacheFactoryEdgeCases" name="test_memory_cache_large_value" time="0.001" /><testcase classname="tests.unit.domain.test_exceptions.TestExceptionHierarchy" name="test_model_inference_error" time="0.001" /><testcase classname="tests.unit.domain.preprocessing.test_pipeline.TestPreprocessingPipeline" name="test_pipeline_end_to_end" time="0.016" /><testcase classname="tests.unit.domain.test_exceptions.TestExceptionHierarchy" name="test_resource_errors" time="0.003" /><testcase classname="tests.unit.infra.cache.test_factory.TestCacheFactoryEdgeCases" name="test_memory_cache_many_keys" time="0.006" /><testcase classname="tests.unit.domain.test_exceptions.TestExceptionUsage" name="test_exception_chaining" time="0.001" /><testcase classname="tests.unit.infra.ml_models.test_pipeline.TestEEGPTPreprocessing" name="test_preprocess_handles_bad_channels" time="0.045" /><testcase classname="tests.unit.domain.preprocessing.test_pipeline.TestPreprocessingPipeline" name="test_pipeline_with_nan_handling" time="0.005" /><testcase classname="tests.unit.infra.cache.test_factory.TestCacheFactoryEdgeCases" name="test_get_cache_case_sensitive" time="0.006" /><testcase classname="tests.unit.domain.test_exceptions.TestExceptionUsage" name="test_exception_with_details" time="0.003" /><testcase classname="tests.unit.domain.test_exceptions.TestExceptionUsage" name="test_catching_hierarchy" time="0.001" /><testcase classname="tests.unit.domain.preprocessing.test_pipeline.TestPreprocessingPipeline" name="test_pipeline_optional_components" time="0.001" /><testcase classname="tests.unit.domain.test_exceptions.TestExceptionUsage" name="test_specific_catch" time="0.001" /><testcase classname="tests.unit.infra.serialization.test_contract" name="test_register_requires_to_dict" time="0.001" /><testcase classname="tests.unit.domain.preprocessing.test_pipeline.TestPreprocessingIntegration" name="test_tuab_preprocessing_spec" time="0.005" /><testcase classname="tests.unit.utils.test_time.TestTimeUtils" name="test_utc_now_returns_aware_datetime" time="0.001" /><testcase classname="tests.unit.infra.serialization.test_contract" name="test_register_requires_from_dict" time="0.001" /><testcase classname="tests.unit.utils.test_time.TestTimeUtils" name="test_utc_now_is_current_time" time="0.001" /><testcase classname="tests.unit.domain.sleep.test_enhanced_analyzer.TestEnhancedSleepAnalyzer" name="test_preprocess_for_staging" time="0.211" /><testcase classname="tests.unit.infra.serialization.test_contract" name="test_register_requires_dataclass" time="0.001" /><testcase classname="tests.unit.domain.preprocessing.test_pipeline.TestPreprocessingIntegration" name="test_memory_efficiency" time="0.013" /><testcase classname="tests.unit.infra.redis.test_pool.TestCircuitBreaker" name="test_call_with_success" time="0.001" /><testcase classname="tests.unit.utils.test_time.TestTimeUtils" name="test_format_timestamp_default" time="0.002" /><testcase classname="tests.unit.infra.serialization.test_contract" name="test_roundtrip_basic" time="0.001" /><testcase classname="tests.unit.utils.test_time.TestTimeUtils" name="test_format_timestamp_with_datetime" time="0.001" /><testcase classname="tests.unit.infra.redis.test_pool.TestRedisConnectionPool" name="test_pool_initialization" time="0.003" /><testcase classname="tests.unit.domain.preprocessing.test_window_extractor_edges.TestWindowExtractorEdgeCases" name="test_windows_count_with_overlap[0.0-2]" time="1.600" /><testcase classname="tests.unit.infra.serialization.test_contract" name="test_roundtrip_with_defaults" time="0.001" /><testcase classname="tests.unit.utils.test_time.TestTimeUtils" name="test_format_timestamp_none_uses_current" time="0.001" /><testcase classname="tests.unit.infra.redis.test_pool.TestRedisConnectionPool" name="test_get_client_context_manager" time="0.001" /><testcase classname="tests.unit.cli.test_cli.TestCLI" name="test_version_command" time="0.198" /><testcase classname="tests.unit.infra.serialization.test_contract" name="test_unknown_type_passthrough" time="0.001" /><testcase classname="tests.unit.utils.test_time.TestTimeUtils" name="test_timestamp_for_logging_format" time="0.003" /><testcase classname="tests.unit.infra.redis.test_pool.TestRedisConnectionPool" name="test_execute_with_retry" time="3.002" /><testcase classname="tests.unit.infra.serialization.test_contract" name="test_malformed_dataclass_json" time="0.001" /><testcase classname="tests.unit.utils.test_time.TestTimeUtils" name="test_utc_constant_compatibility" time="0.000" /><testcase classname="tests.unit.infra.serialization.test_contract" name="test_registry_contains_registered" time="0.001" /><testcase classname="tests.unit.utils.test_time.TestTimeUtils" name="test_timestamps_are_sortable" time="0.001" /><testcase classname="tests.unit.utils.test_time.TestTimeUtils" name="test_timestamp_precision" time="0.000" /><testcase classname="tests.unit.infra.serialization.test_contract" name="test_serialize_unregistered_with_to_dict" time="0.001" /><testcase classname="tests.unit.utils.test_time.TestTimeUtils" name="test_logging_timestamp_readable" time="0.001" /><testcase classname="tests.unit.infra.serialization.test_contract" name="test_complex_nested_serialization" time="0.001" /><testcase classname="tests.unit.utils.test_time.TestTimeConsistency" name="test_multiple_calls_increase_monotonically" time="0.001" /><testcase classname="tests.unit.infra.serialization.test_contract" name="test_empty_dataclass" time="0.001" /><testcase classname="tests.unit.utils.test_time.TestTimeConsistency" name="test_format_consistency" time="0.001" /><testcase classname="tests.unit.utils.test_time.TestTimeConsistency" name="test_timezone_awareness_preserved" time="0.000" /><testcase classname="tests.unit.domain.preprocessing.test_window_extractor_edges.TestWindowExtractorEdgeCases" name="test_windows_count_with_overlap[2.0-4]" time="0.001" /><testcase classname="tests.unit.infra.serialization.test_contract" name="test_dataclass_with_none_values" time="0.001" /><testcase classname="tests.unit.utils.test_time.TestTimeConsistency" name="test_utc_everywhere" time="0.001" /><testcase classname="tests.unit.infra.serialization.test_contract" name="test_deserialize_non_json_string" time="0.001" /><testcase classname="tests.unit.domain.preprocessing.test_window_extractor_edges.TestWindowExtractorEdgeCases" name="test_zero_stride_raises_error" time="0.015" /><testcase classname="tests.unit.infra.external.test_yasa_adapter.TestYASAConfig" name="test_default_config" time="0.001" /><testcase classname="tests.unit.infra.serialization.test_contract" name="test_deserialize_partial_json" time="0.001" /><testcase classname="tests.unit.infra.external.test_yasa_adapter.TestYASAConfig" name="test_custom_config" time="0.001" /><testcase classname="tests.unit.infra.external.test_yasa_adapter.TestYASASleepStager" name="test_initialization" time="1.539" /><testcase classname="tests.unit.domain.preprocessing.test_window_extractor_edges.TestWindowExtractorEdgeCases" name="test_negative_stride_windows" time="0.001" /><testcase classname="tests.unit.infra.ml_models.test_compat_coverage.TestCompatibilityFunctions" name="test_preprocess_for_eegpt_with_target_sfreq" time="0.013" /><testcase classname="tests.unit.domain.preprocessing.test_window_extractor_edges.TestWindowExtractorEdgeCases" name="test_short_data_returns_empty" time="0.001" /><testcase classname="tests.unit.domain.preprocessing.test_window_extractor_edges.TestWindowExtractorEdgeCases" name="test_exact_window_size" time="0.001" /><testcase classname="tests.unit.infra.ml_models.test_compat_coverage.TestCompatibilityFunctions" name="test_extract_features_from_raw" time="0.014" /><testcase classname="tests.unit.domain.preprocessing.test_window_extractor_edges.TestLinearProbeHeadErrors" name="test_linear_probe_wrong_input_dim" time="0.803" /><testcase classname="tests.unit.infra.ml_models.test_robust_probe.TestRobustEEGPTLinearProbeClean" name="test_init_creates_probe" time="0.194" /><testcase classname="tests.unit.infra.ml_models.test_probe.TestSleepStageProbe" name="test_initialization" time="0.001" /><testcase classname="tests.unit.infra.ml_models.test_compat_coverage.TestCompatibilityFunctions" name="test_extract_features_from_raw_with_existing_model" time="0.015" /><testcase classname="tests.unit.infra.ml_models.test_probe.TestSleepStageProbe" name="test_predict_stage" time="0.043" /><testcase classname="tests.unit.domain.sleep.test_enhanced_analyzer.TestEnhancedSleepAnalyzer" name="test_find_best_channels" time="0.018" /><testcase classname="tests.unit.infra.ml_models.test_compat_coverage.TestStrictModeValidation" name="test_wrong_summary_shape_raises" time="0.008" /><testcase classname="tests.unit.infra.ml_models.test_compat_coverage.TestStrictModeValidation" name="test_wrong_token_shape_raises" time="0.002" /><testcase classname="tests.unit.domain.sleep.test_enhanced_analyzer.TestEnhancedSleepAnalyzer" name="test_fallback_staging" time="0.032" /><testcase classname="tests.unit.infra.ml_models.test_probe.TestAbnormalityProbe" name="test_initialization" time="0.001" /><testcase classname="tests.unit.infra.preprocessing.test_chunked_autoreject.TestChunkedAutoRejectProcessor" name="test_initialization" time="0.003" /><testcase classname="tests.unit.domain.abnormal.test_preprocessor.TestEEGPreprocessor" name="test_highpass_filter" time="0.549" /><testcase classname="tests.unit.domain.quality.test_controller.TestEEGQualityControllerClean" name="test_detect_bad_channels" time="0.079" /><testcase classname="tests.unit.infra.preprocessing.test_chunked_autoreject.TestChunkedAutoRejectProcessor" name="test_has_cached_params" time="0.010" /><testcase classname="tests.unit.infra.ml_models.test_probe.TestAbnormalityProbe" name="test_predict_abnormal_probability" time="0.015" /><testcase classname="tests.unit.domain.sleep.test_enhanced_analyzer.TestEnhancedSleepAnalyzer" name="test_compute_fractal_dimension" time="0.034" /><testcase classname="tests.unit.cli.test_cli.TestCLI" name="test_help_command" time="0.175" /><testcase classname="tests.unit.infra.preprocessing.test_chunked_autoreject.TestChunkedAutoRejectProcessor" name="test_fit_on_subset_basic" time="0.002" /><testcase classname="tests.unit.infra.ml_models.test_probe.TestProbeFactory" name="test_create_sleep_probe" time="0.001" /><testcase classname="tests.unit.infra.preprocessing.test_chunked_autoreject.TestChunkedAutoRejectProcessor" name="test_stratified_sampling" time="0.007" /><testcase classname="tests.unit.infra.ml_models.test_probe.TestProbeFactory" name="test_create_abnormality_probe" time="0.001" /><testcase classname="tests.unit.api.routers.test_cache.TestCacheRouterClean" name="test_get_cache_stats_disconnected" time="0.010" /><testcase classname="tests.unit.infra.preprocessing.test_chunked_autoreject.TestChunkedAutoRejectProcessor" name="test_parameter_extraction" time="0.001" /><testcase classname="tests.unit.infra.ml_models.test_probe.TestProbeFactory" name="test_create_generic_probe" time="0.001" /><testcase classname="tests.unit.infra.preprocessing.test_chunked_autoreject.TestChunkedAutoRejectProcessor" name="test_parameter_saving_loading" time="0.001" /><testcase classname="tests.unit.infra.ml_models.test_probe.TestProbeFactory" name="test_case_insensitive" time="0.001" /><testcase classname="tests.unit.domain.sleep.test_enhanced_analyzer.TestEnhancedSleepAnalyzer" name="test_compute_permutation_entropy" time="0.013" /><testcase classname="tests.unit.infra.preprocessing.test_chunked_autoreject.TestChunkedAutoRejectProcessor" name="test_create_autoreject_from_params" time="0.002" /><testcase classname="tests.unit.domain.quality.test_controller.TestEEGQualityControllerClean" name="test_preprocess_raw" time="0.010" /><testcase classname="tests.unit.api.routers.test_cache.TestCacheRouterClean" name="test_get_cache_stats_connection_error" time="0.007" /><testcase classname="tests.unit.infra.ml_models.test_probe.TestIntegrationWithEEGPT" name="test_end_to_end_sleep_classification" time="0.001" /><testcase classname="tests.unit.infra.preprocessing.test_chunked_autoreject.TestChunkedAutoRejectProcessor" name="test_transform_raw" time="0.006" /><testcase classname="tests.unit.infra.ml_models.test_probe.TestIntegrationWithEEGPT" name="test_batch_processing" time="0.001" /><testcase classname="tests.unit.api.routers.test_cache.TestCacheRouterClean" name="test_get_cache_stats_attribute_error" time="0.008" /><testcase classname="tests.unit.api.test_cache.TestRedisCacheClean" name="test_init_connects_to_infra_cache" time="0.003" /><testcase classname="tests.unit.domain.quality.test_controller.TestEEGQualityControllerClean" name="test_create_epochs" time="0.056" /><testcase classname="tests.unit.domain.sleep.test_enhanced_analyzer.TestEnhancedSleepAnalyzer" name="test_single_channel_mode" time="0.001" /><testcase classname="tests.unit.api.test_cache.TestRedisCacheClean" name="test_generate_cache_key_creates_deterministic_keys" time="0.001" /><testcase classname="tests.unit.domain.sleep.test_enhanced_analyzer.TestEnhancedSleepAnalyzer" name="test_smoothing_configuration" time="0.001" /><testcase classname="tests.unit.infra.preprocessing.test_chunked_autoreject.TestChunkedAutoRejectProcessor" name="test_apply_autoreject_with_rejection_stats" time="0.002" /><testcase classname="tests.unit.api.test_cache.TestRedisCacheClean" name="test_set_and_get_with_metadata" time="0.001" /><testcase classname="tests.unit.api.routers.test_cache.TestCacheRouterClean" name="test_clear_cache_success" time="0.007" /><testcase classname="tests.unit.domain.sleep.test_enhanced_analyzer.TestEnhancedSleepAnalyzer" name="test_calculate_quality_score" time="0.001" /><testcase classname="tests.unit.infra.preprocessing.test_chunked_autoreject.TestChunkedAutoRejectProcessor" name="test_error_handling_missing_cache" time="0.002" /><testcase classname="tests.unit.domain.sleep.test_enhanced_analyzer.TestEnhancedSleepAnalyzer" name="test_score_to_grade" time="0.001" /><testcase classname="tests.unit.infra.preprocessing.test_chunked_autoreject.TestChunkedAutoRejectProcessor" name="test_error_handling_corrupted_cache" time="0.002" /><testcase classname="tests.unit.api.test_cache.TestRedisCacheClean" name="test_get_nonexistent_key_returns_none" time="0.007" /><testcase classname="tests.unit.api.routers.test_cache.TestCacheRouterClean" name="test_clear_cache_unauthorized" time="0.046" /><testcase classname="tests.unit.domain.sleep.test_enhanced_analyzer.TestEnhancedSleepAnalyzer" name="test_generate_clinical_flags" time="0.001" /><testcase classname="tests.unit.api.test_cache.TestRedisCacheClean" name="test_exists_checks_key_presence" time="0.001" /><testcase classname="tests.unit.infra.preprocessing.test_chunked_autoreject.TestChunkedAutoRejectProcessor" name="test_parallel_processing_capability" time="0.004" /><testcase classname="tests.unit.api.test_routes.TestAPIRoutes" name="test_api_routes_instance_exists" time="0.001" /><testcase classname="tests.unit.api.test_cache.TestRedisCacheClean" name="test_delete_removes_key" time="0.001" /><testcase classname="tests.unit.api.test_cache.TestRedisCacheClean" name="test_clear_pattern_delegates_correctly" time="0.001" /><testcase classname="tests.unit.api.test_routes.TestAPIRoutes" name="test_api_v1_prefix" time="0.000" /><testcase classname="tests.unit.infra.preprocessing.test_chunked_autoreject.TestChunkedProcessingIntegration" name="test_performance_benchmarks" time="0.003" /><testcase classname="tests.unit.api.test_cache.TestRedisCacheClean" name="test_get_stats_returns_cache_statistics" time="0.001" /><testcase classname="tests.unit.api.test_routes.TestAPIRoutes" name="test_health_endpoints" time="0.001" /><testcase classname="tests.unit.api.test_app.TestAppFactory" name="test_health_check_endpoint" time="0.030" /><testcase classname="tests.unit.api.test_routes.TestAPIRoutes" name="test_job_management_endpoints" time="0.000" /><testcase classname="tests.unit.api.test_cache.TestRedisCacheClean" name="test_health_check_returns_status" time="0.001" /><testcase classname="tests.unit.application.config.test_defaults.TestConfigSimple" name="test_config_project_root" time="0.023" /><testcase classname="tests.unit.api.test_cache.TestRedisCacheClean" name="test_error_handling_in_get" time="0.001" /><testcase classname="tests.unit.api.test_routes.TestAPIRoutes" name="test_eeg_analysis_endpoints" time="0.003" /><testcase classname="tests.unit.domain.quality.test_controller.TestEEGQualityControllerClean" name="test_auto_reject_epochs" time="0.015" /><testcase classname="tests.unit.api.test_cache.TestRedisCacheClean" name="test_error_handling_in_set" time="0.001" /><testcase classname="tests.unit.api.test_cache.TestRedisCacheClean" name="test_error_handling_in_exists" time="0.001" /><testcase classname="tests.unit.api.test_routes.TestAPIRoutes" name="test_queue_endpoints" time="0.000" /><testcase classname="tests.unit.api.test_routes.TestAPIRoutes" name="test_cache_endpoints" time="0.000" /><testcase classname="tests.unit.domain.test_channel_mapper.TestChannelMapper" name="test_maps_old_to_modern_naming" time="0.070" /><testcase classname="tests.unit.api.test_app.TestAppFactory" name="test_readiness_check_endpoint" time="0.029" /><testcase classname="tests.unit.api.routers.test_cache.TestCacheRouterClean" name="test_clear_cache_disconnected" time="0.007" /><testcase classname="tests.unit.api.test_routes.TestAPIRoutes" name="test_documentation_endpoints" time="0.000" /><testcase classname="tests.unit.domain.quality.test_controller.TestEEGQualityControllerClean" name="test_compute_abnormality_score" time="0.016" /><testcase classname="tests.unit.application.config.test_defaults.TestConfigSimple" name="test_model_config_window_samples" time="0.001" /><testcase classname="tests.unit.infra.ml_models.test_robust_probe.TestRobustEEGPTLinearProbeClean" name="test_validate_and_clean_input" time="0.127" /><testcase classname="tests.unit.api.test_routes.TestAPIRoutes" name="test_routes_immutability" time="0.000" /><testcase classname="tests.unit.api.test_routes.TestAPIRoutes" name="test_job_status_route_formatting" time="0.000" /><testcase classname="tests.unit.application.config.test_defaults.TestConfigSimple" name="test_training_config_defaults" time="0.001" /><testcase classname="tests.unit.api.routers.test_cache.TestCacheRouterClean" name="test_clear_cache_connection_error" time="0.008" /><testcase classname="tests.unit.api.test_routes.TestAPIRoutes" name="test_all_routes_start_correctly" time="0.000" /><testcase classname="tests.unit.application.config.test_defaults.TestConfigSimple" name="test_data_config_defaults" time="0.001" /><testcase classname="tests.unit.api.test_routes.TestAPIRoutes" name="test_create_new_routes_instance" time="0.000" /><testcase classname="tests.unit.domain.quality.test_controller.TestEEGQualityControllerClean" name="test_generate_qc_report" time="0.060" /><testcase classname="tests.unit.application.config.test_defaults.TestExceptionsSimple" name="test_brain_go_brrr_error" time="0.001" /><testcase classname="tests.unit.api.test_app.TestAppFactory" name="test_cors_headers" time="0.028" /><testcase classname="tests.unit.api.routers.test_cache.TestCacheRouterClean" name="test_clear_cache_invalid_pattern" time="0.012" /><testcase classname="tests.unit.application.config.test_defaults.TestExceptionsSimple" name="test_configuration_error_hierarchy" time="0.001" /><testcase classname="tests.unit.infra.data.test_edf_validator.TestEDFValidator" name="test_validates_file_exists" time="0.000"><skipped type="pytest.skip" message="skipping data-backed tests (set BGB_DATA_ROOT and pass --run-data)">/mnt/c/Users/JJ/Desktop/Clarity-Digital-Twin/brain-go-brrr/tests/unit/infra/data/test_edf_validator.py:15: skipping data-backed tests (set BGB_DATA_ROOT and pass --run-data)</skipped></testcase><testcase classname="tests.unit.cli.test_cli.TestCLI" name="test_train_command_help" time="0.008" /><testcase classname="tests.unit.application.config.test_defaults.TestExceptionsSimple" name="test_model_error_hierarchy" time="0.001" /><testcase classname="tests.unit.infra.data.test_edf_validator.TestEDFValidator" name="test_validates_file_extension" time="0.000"><skipped type="pytest.skip" message="skipping data-backed tests (set BGB_DATA_ROOT and pass --run-data)">/mnt/c/Users/JJ/Desktop/Clarity-Digital-Twin/brain-go-brrr/tests/unit/infra/data/test_edf_validator.py:30: skipping data-backed tests (set BGB_DATA_ROOT and pass --run-data)</skipped></testcase><testcase classname="tests.unit.application.config.test_defaults.TestExceptionsSimple" name="test_processing_error_hierarchy" time="0.001" /><testcase classname="tests.unit.cli.test_cli.TestCLI" name="test_preprocess_command_help" time="0.013" /><testcase classname="tests.unit.api.routers.test_cache.TestCacheRouterClean" name="test_warmup_cache_not_implemented" time="0.009" /><testcase classname="tests.unit.application.config.test_defaults.TestExceptionsSimple" name="test_edf_load_error_hierarchy" time="0.001" /><testcase classname="tests.unit.api.test_app.TestAppFactory" name="test_docs_endpoint" time="0.064" /><testcase classname="tests.unit.infra.data.test_edf_validator.TestEDFValidator" name="test_validates_minimum_duration" time="0.000"><skipped type="pytest.skip" message="skipping data-backed tests (set BGB_DATA_ROOT and pass --run-data)">/mnt/c/Users/JJ/Desktop/Clarity-Digital-Twin/brain-go-brrr/tests/unit/infra/data/test_edf_validator.py:46: skipping data-backed tests (set BGB_DATA_ROOT and pass --run-data)</skipped></testcase><testcase classname="tests.unit.application.config.test_defaults.TestTimeUtils" name="test_utc_now" time="0.001" /><testcase classname="tests.unit.api.routers.test_cache.TestCacheRouterClean" name="test_warmup_cache_disconnected" time="0.008" /><testcase classname="tests.unit.cli.test_cli.TestCLI" name="test_evaluate_command_help" time="0.009" /><testcase classname="tests.unit.domain.test_channel_mapper.TestChannelMapper" name="test_handles_mixed_case_consistently" time="0.001" /><testcase classname="tests.unit.application.config.test_defaults.TestTimeUtils" name="test_format_timestamp" time="0.001" /><testcase classname="tests.unit.domain.test_channel_mapper.TestChannelMapper" name="test_preserves_already_modern_names" time="0.001" /><testcase classname="tests.unit.infra.data.test_edf_validator.TestEDFValidator" name="test_validates_sampling_rate" time="0.000"><skipped type="pytest.skip" message="skipping data-backed tests (set BGB_DATA_ROOT and pass --run-data)">/mnt/c/Users/JJ/Desktop/Clarity-Digital-Twin/brain-go-brrr/tests/unit/infra/data/test_edf_validator.py:62: skipping data-backed tests (set BGB_DATA_ROOT and pass --run-data)</skipped></testcase><testcase classname="tests.unit.domain.test_channel_mapper.TestChannelMapper" name="test_returns_empty_list_for_empty_input" time="0.000" /><testcase classname="tests.unit.application.config.test_defaults.TestTimeUtils" name="test_timestamp_for_logging" time="0.001" /><testcase classname="tests.unit.api.routers.test_cache.TestCacheRouterClean" name="test_cache_stats_with_no_cache" time="0.006" /><testcase classname="tests.unit.cli.test_cli.TestCLI" name="test_serve_command_help" time="0.007" /><testcase classname="tests.unit.domain.test_channel_mapper.TestChannelValidator" name="test_validates_minimum_channel_count" time="0.002" /><testcase classname="tests.unit.infra.ml_models.test_probe_head.TestLinearProbeHead" name="test_default_initialization" time="0.132" /><testcase classname="tests.unit.domain.quality.test_controller.TestEEGQualityControllerClean" name="test_run_full_qc_pipeline" time="0.040" /><testcase classname="tests.unit.infra.data.test_edf_validator.TestEDFValidator" name="test_accepts_standard_sampling_rates" time="0.000"><skipped type="pytest.skip" message="skipping data-backed tests (set BGB_DATA_ROOT and pass --run-data)">/mnt/c/Users/JJ/Desktop/Clarity-Digital-Twin/brain-go-brrr/tests/unit/infra/data/test_edf_validator.py:78: skipping data-backed tests (set BGB_DATA_ROOT and pass --run-data)</skipped></testcase><testcase classname="tests.unit.domain.test_channel_mapper.TestChannelValidator" name="test_identifies_missing_required_channels" time="0.001" /><testcase classname="tests.unit.cli.test_cli.TestCLI" name="test_stream_command_help" time="0.010" /><testcase classname="tests.unit.api.routers.test_cache.TestCacheRouterClean" name="test_clear_cache_with_no_cache" time="0.008" /><testcase classname="tests.unit.domain.test_channel_mapper.TestChannelValidator" name="test_accepts_complete_channel_set" time="0.002" /><testcase classname="tests.unit.infra.data.test_edf_validator.TestEDFValidator" name="test_validates_channel_count" time="0.001"><skipped type="pytest.skip" message="skipping data-backed tests (set BGB_DATA_ROOT and pass --run-data)">/mnt/c/Users/JJ/Desktop/Clarity-Digital-Twin/brain-go-brrr/tests/unit/infra/data/test_edf_validator.py:95: skipping data-backed tests (set BGB_DATA_ROOT and pass --run-data)</skipped></testcase><testcase classname="tests.unit.domain.test_channel_mapper.TestChannelValidator" name="test_handles_extra_channels_gracefully" time="0.001" /><testcase classname="tests.unit.api.routers.test_cache.TestCacheRouterClean" name="test_warmup_cache_with_no_cache" time="0.005" /><testcase classname="tests.unit.cli.test_cli.TestCLI" name="test_train_command_without_args" time="0.034" /><testcase classname="tests.unit.domain.test_channel_mapper.TestChannelValidator" name="test_get_channel_indices_for_standard_channels" time="0.001" /><testcase classname="tests.unit.infra.ml_models.test_robust_probe.TestRobustEEGPTLinearProbeClean" name="test_robust_normalize" time="0.066" /><testcase classname="tests.unit.presentation.test_markdown_report.TestMarkdownReportGeneration" name="test_markdown_report_structure" time="6.567" /><testcase classname="tests.unit.domain.test_channel_mapper.TestChannelSelector" name="test_selects_standard_channels_in_order" time="0.001" /><testcase classname="tests.unit.infra.data.test_edf_validator.TestEDFValidator" name="test_detects_nan_values" time="0.000"><skipped type="pytest.skip" message="skipping data-backed tests (set BGB_DATA_ROOT and pass --run-data)">/mnt/c/Users/JJ/Desktop/Clarity-Digital-Twin/brain-go-brrr/tests/unit/infra/data/test_edf_validator.py:112: skipping data-backed tests (set BGB_DATA_ROOT and pass --run-data)</skipped></testcase><testcase classname="tests.unit.domain.test_channel_mapper.TestChannelSelector" name="test_returns_empty_for_no_standard_channels" time="0.000" /><testcase classname="tests.unit.api.test_app.TestAppFactory" name="test_openapi_json" time="0.138" /><testcase classname="tests.unit.domain.test_channel_mapper.TestChannelIntegration" name="test_full_pipeline_old_to_modern_validation" time="0.001" /><testcase classname="tests.unit.domain.quality.test_controller.TestEEGQualityControllerClean" name="test_generate_qc_report_with_bad_data" time="0.060" /><testcase classname="tests.unit.infra.data.test_edf_validator.TestEDFValidator" name="test_detects_infinite_values" time="0.000"><skipped type="pytest.skip" message="skipping data-backed tests (set BGB_DATA_ROOT and pass --run-data)">/mnt/c/Users/JJ/Desktop/Clarity-Digital-Twin/brain-go-brrr/tests/unit/infra/data/test_edf_validator.py:128: skipping data-backed tests (set BGB_DATA_ROOT and pass --run-data)</skipped></testcase><testcase classname="tests.unit.api.routers.test_eegpt.TestEEGPTRouterClean" name="test_get_eegpt_model_singleton_pattern" time="0.001" /><testcase classname="tests.unit.domain.abnormal.test_preprocessor.TestEEGPreprocessor" name="test_lowpass_filter" time="0.132" /><testcase classname="tests.unit.infra.adapters.test_autoreject.TestWindowEpochAdapter" name="test_window_to_epoch_conversion_basic" time="2.133" /><testcase classname="tests.unit.api.routers.test_eegpt.TestEEGPTRouterClean" name="test_get_probe_caches_probes" time="0.001" /><testcase classname="tests.unit.infra.data.test_edf_validator.TestEDFValidator" name="test_warns_on_extreme_amplitudes" time="0.000"><skipped type="pytest.skip" message="skipping data-backed tests (set BGB_DATA_ROOT and pass --run-data)">/mnt/c/Users/JJ/Desktop/Clarity-Digital-Twin/brain-go-brrr/tests/unit/infra/data/test_edf_validator.py:144: skipping data-backed tests (set BGB_DATA_ROOT and pass --run-data)</skipped></testcase><testcase classname="tests.unit.cli.test_cli.TestCLI" name="test_train_command_with_debug" time="0.038" /><testcase classname="tests.unit.infra.data.test_edf_validator.TestEDFValidator" name="test_detects_flat_channels" time="0.000"><skipped type="pytest.skip" message="skipping data-backed tests (set BGB_DATA_ROOT and pass --run-data)">/mnt/c/Users/JJ/Desktop/Clarity-Digital-Twin/brain-go-brrr/tests/unit/infra/data/test_edf_validator.py:161: skipping data-backed tests (set BGB_DATA_ROOT and pass --run-data)</skipped></testcase><testcase classname="tests.unit.infra.data.test_edf_validator.TestEDFValidator" name="test_validates_complete_valid_file" time="0.002"><skipped type="pytest.skip" message="skipping data-backed tests (set BGB_DATA_ROOT and pass --run-data)">/mnt/c/Users/JJ/Desktop/Clarity-Digital-Twin/brain-go-brrr/tests/unit/infra/data/test_edf_validator.py:180: skipping data-backed tests (set BGB_DATA_ROOT and pass --run-data)</skipped></testcase><testcase classname="tests.unit.infra.ml_models.test_robust_probe.TestRobustEEGPTLinearProbeClean" name="test_forward_pass_shape" time="0.063" /><testcase classname="tests.unit.domain.quality.test_controller.TestEEGQualityControllerClean" name="test_cleanup" time="0.001" /><testcase classname="tests.unit.cli.test_cli.TestCLI" name="test_preprocess_command_with_args" time="0.005" /><testcase classname="tests.unit.infra.data.test_edf_validator.TestValidationResult" name="test_result_contains_all_fields" time="0.000"><skipped type="pytest.skip" message="skipping data-backed tests (set BGB_DATA_ROOT and pass --run-data)">/mnt/c/Users/JJ/Desktop/Clarity-Digital-Twin/brain-go-brrr/tests/unit/infra/data/test_edf_validator.py:207: skipping data-backed tests (set BGB_DATA_ROOT and pass --run-data)</skipped></testcase><testcase classname="tests.unit.domain.quality.test_controller.TestEEGQualityControllerClean" name="test_detect_bad_channels_with_method" time="0.048" /><testcase classname="tests.unit.cli.test_cli.TestCLI" name="test_evaluate_command_with_args" time="0.008" /><testcase classname="tests.unit.domain.abnormal.test_enhanced.TestEnhancedAbnormalityDetection" name="test_probe_initialization" time="0.260" /><testcase classname="tests.unit.cli.test_cli.TestCLI" name="test_serve_command_without_args" time="0.003" /><testcase classname="tests.unit.infra.ml_models.test_probe_head.TestLinearProbeHead" name="test_custom_initialization" time="0.001" /><testcase classname="tests.unit.cli.test_cli.TestCLI" name="test_version_command_shows_version" time="0.002" /><testcase classname="tests.unit.infra.ml_models.test_probe_head.TestLinearProbeHead" name="test_dropout_behavior_in_training" time="0.123" /><testcase classname="tests.unit.domain.sleep.test_montage_detection.TestSleepEDFMontageDetection" name="test_accepts_fpz_cz_montage" time="0.000"><skipped type="pytest.skip" message="skipping data-backed tests (set BGB_DATA_ROOT and pass --run-data)">/mnt/c/Users/JJ/Desktop/Clarity-Digital-Twin/brain-go-brrr/tests/unit/domain/sleep/test_montage_detection.py:49: skipping data-backed tests (set BGB_DATA_ROOT and pass --run-data)</skipped></testcase><testcase classname="tests.unit.domain.quality.test_controller.TestEEGQualityControllerClean" name="test_preprocess_with_filtering" time="0.010" /><testcase classname="tests.unit.infra.ml_models.test_robust_probe.TestRobustEEGPTLinearProbeClean" name="test_predict_proba" time="0.075" /><testcase classname="tests.unit.domain.sleep.test_montage_detection.TestSleepEDFMontageDetection" name="test_accepts_pz_oz_montage" time="0.000"><skipped type="pytest.skip" message="skipping data-backed tests (set BGB_DATA_ROOT and pass --run-data)">/mnt/c/Users/JJ/Desktop/Clarity-Digital-Twin/brain-go-brrr/tests/unit/domain/sleep/test_montage_detection.py:65: skipping data-backed tests (set BGB_DATA_ROOT and pass --run-data)</skipped></testcase><testcase classname="tests.unit.domain.quality.test_controller.TestEEGQualityControllerClean" name="test_create_epochs_with_duration" time="0.014" /><testcase classname="tests.unit.infra.ml_models.test_robust_probe.TestRobustEEGPTLinearProbeClean" name="test_get_num_trainable_params" time="0.121" /><testcase classname="tests.unit.api.test_app.TestAppFactory" name="test_404_for_unknown_endpoint" time="0.066" /><testcase classname="tests.unit.domain.sleep.test_montage_detection.TestSleepEDFMontageDetection" name="test_prefers_fpz_cz_over_pz_oz" time="0.000"><skipped type="pytest.skip" message="skipping data-backed tests (set BGB_DATA_ROOT and pass --run-data)">/mnt/c/Users/JJ/Desktop/Clarity-Digital-Twin/brain-go-brrr/tests/unit/domain/sleep/test_montage_detection.py:79: skipping data-backed tests (set BGB_DATA_ROOT and pass --run-data)</skipped></testcase><testcase classname="tests.unit.domain.abnormal.test_preprocessor.TestEEGPreprocessor" name="test_notch_filter" time="0.130" /><testcase classname="tests.unit.domain.quality.test_controller.TestEEGQualityControllerClean" name="test_auto_reject_with_threshold" time="0.014" /><testcase classname="tests.unit.infra.adapters.test_autoreject.TestWindowEpochAdapter" name="test_window_to_epoch_overlap_handling" time="0.016" /><testcase classname="tests.unit.domain.sleep.test_montage_detection.TestSleepEDFMontageDetection" name="test_accepts_standard_10_20_channels" time="0.000"><skipped type="pytest.skip" message="skipping data-backed tests (set BGB_DATA_ROOT and pass --run-data)">/mnt/c/Users/JJ/Desktop/Clarity-Digital-Twin/brain-go-brrr/tests/unit/domain/sleep/test_montage_detection.py:98: skipping data-backed tests (set BGB_DATA_ROOT and pass --run-data)</skipped></testcase><testcase classname="tests.unit.domain.quality.test_controller.TestEEGQualityControllerClean" name="test_compute_abnormality_with_model" time="0.015" /><testcase classname="tests.unit.domain.sleep.test_montage_detection.TestSleepEDFMontageDetection" name="test_rejects_unsupported_montage" time="0.001"><skipped type="pytest.skip" message="skipping data-backed tests (set BGB_DATA_ROOT and pass --run-data)">/mnt/c/Users/JJ/Desktop/Clarity-Digital-Twin/brain-go-brrr/tests/unit/domain/sleep/test_montage_detection.py:109: skipping data-backed tests (set BGB_DATA_ROOT and pass --run-data)</skipped></testcase><testcase classname="tests.unit.infra.ml_models.test_pipeline.TestEEGPTWindowExtraction" name="test_extract_windows_basic" time="0.697" /><testcase classname="tests.unit.infra.adapters.test_autoreject.TestWindowEpochAdapter" name="test_epochs_to_continuous_reconstruction" time="0.021" /><testcase classname="tests.unit.domain.sleep.test_montage_detection.TestSleepEDFMontageDetection" name="test_channel_name_normalization" time="0.000"><skipped type="pytest.skip" message="skipping data-backed tests (set BGB_DATA_ROOT and pass --run-data)">/mnt/c/Users/JJ/Desktop/Clarity-Digital-Twin/brain-go-brrr/tests/unit/domain/sleep/test_montage_detection.py:121: skipping data-backed tests (set BGB_DATA_ROOT and pass --run-data)</skipped></testcase><testcase classname="tests.unit.domain.quality.test_controller.TestEEGQualityControllerClean" name="test_qc_report_comprehensive" time="0.059" /><testcase classname="tests.unit.domain.sleep.test_montage_detection.TestSleepEDFMontageDetection" name="test_handles_missing_eog_emg_channels" time="0.001"><skipped type="pytest.skip" message="skipping data-backed tests (set BGB_DATA_ROOT and pass --run-data)">/mnt/c/Users/JJ/Desktop/Clarity-Digital-Twin/brain-go-brrr/tests/unit/domain/sleep/test_montage_detection.py:133: skipping data-backed tests (set BGB_DATA_ROOT and pass --run-data)</skipped></testcase><testcase classname="tests.unit.infra.adapters.test_autoreject.TestWindowEpochAdapter" name="test_no_overlap_reconstruction" time="0.023" /><testcase classname="tests.unit.api.test_app.TestAppFactory" name="test_method_not_allowed" time="0.038" /><testcase classname="tests.unit.api.test_app.TestAppLifespan" name="test_app_startup_shutdown" time="0.321" /><testcase classname="tests.unit.infra.ml_models.test_probe_head.TestLinearProbeHead" name="test_no_dropout_in_eval_mode" time="0.001" /><testcase classname="tests.unit.infra.adapters.test_autoreject.TestWindowEpochAdapter" name="test_edge_case_short_recording" time="0.017" /><testcase classname="tests.unit.domain.sleep.test_montage_detection.TestSleepEDFMontageDetection" name="test_integration_with_real_sleep_edf_structure" time="0.000"><skipped type="pytest.skip" message="skipping data-backed tests (set BGB_DATA_ROOT and pass --run-data)">/mnt/c/Users/JJ/Desktop/Clarity-Digital-Twin/brain-go-brrr/tests/unit/domain/sleep/test_montage_detection.py:144: skipping data-backed tests (set BGB_DATA_ROOT and pass --run-data)</skipped></testcase><testcase classname="tests.unit.infra.ml_models.test_probe_head.TestLinearProbeHead" name="test_gradient_flow" time="0.050" /><testcase classname="tests.unit.domain.sleep.test_montage_detection.TestMontageDetectionEdgeCases" name="test_empty_channel_list" time="0.016" /><testcase classname="tests.unit.domain.quality.test_controller.TestEEGQualityControllerClean" name="test_full_pipeline_with_options" time="0.036" /><testcase classname="tests.unit.domain.abnormal.test_preprocessor.TestEEGPreprocessor" name="test_resampling_to_128hz" time="0.108" /><testcase classname="tests.unit.infra.adapters.test_autoreject.TestWindowEpochAdapter" name="test_memory_efficiency" time="0.017" /><testcase classname="tests.unit.domain.sleep.test_montage_detection.TestMontageDetectionEdgeCases" name="test_case_sensitivity" time="0.003" /><testcase classname="tests.unit.infra.ml_models.test_robust_probe.TestRobustEEGPTLinearProbeClean" name="test_save_and_load_probe" time="0.283" /><testcase classname="tests.unit.infra.adapters.test_autoreject.TestSyntheticPositionGenerator" name="test_standard_channel_positions" time="0.012" /><testcase classname="tests.unit.domain.sleep.test_montage_detection.TestMontageDetectionEdgeCases" name="test_picks_parameter_override" time="0.002" /><testcase classname="tests.unit.infra.ml_models.test_pipeline.TestEEGPTWindowExtraction" name="test_extract_windows_no_partial" time="0.098" /><testcase classname="tests.unit.utils.test_coverage_legitimate.TestLoggingUtils" name="test_mask_path_for_log" time="0.001" /><testcase classname="tests.unit.infra.ml_models.test_probe_head.TestLinearProbeHead" name="test_various_dimensions[128-2]" time="0.001" /><testcase classname="tests.unit.domain.abnormal.test_preprocessor.TestEEGPreprocessor" name="test_channel_subset_selection" time="0.003" /><testcase classname="tests.unit.domain.quality.test_controller.TestEEGQualityControllerClean" name="test_controller_with_low_sampling_rate" time="0.002" /><testcase classname="tests.unit.utils.test_coverage_legitimate.TestLoggingUtils" name="test_mask_paths_in_message" time="0.001" /><testcase classname="tests.unit.infra.adapters.test_autoreject.TestSyntheticPositionGenerator" name="test_old_new_channel_mapping" time="0.001" /><testcase classname="tests.unit.infra.ml_models.test_probe_head.TestLinearProbeHead" name="test_various_dimensions[256-5]" time="0.002" /><testcase classname="tests.unit.utils.test_coverage_legitimate.TestLoggingUtils" name="test_mask_path_with_home_directory" time="0.001" /><testcase classname="tests.unit.domain.abnormal.test_preprocessor.TestEEGPreprocessor" name="test_average_referencing" time="0.003" /><testcase classname="tests.unit.infra.adapters.test_autoreject.TestSyntheticPositionGenerator" name="test_add_positions_to_tuab_raw" time="0.148" /><testcase classname="tests.unit.utils.test_coverage_legitimate.TestDomainExceptions" name="test_exception_inheritance" time="0.001" /><testcase classname="tests.unit.infra.ml_models.test_probe_head.TestLinearProbeHead" name="test_various_dimensions[512-10]" time="0.006" /><testcase classname="tests.unit.domain.quality.test_controller.TestEEGQualityControllerClean" name="test_controller_with_missing_channels" time="0.038" /><testcase classname="tests.unit.utils.test_coverage_legitimate.TestDomainExceptions" name="test_exception_messages" time="0.001" /><testcase classname="tests.unit.utils.test_coverage_legitimate.TestUtilityFunctions" name="test_collate_utils_import" time="0.001" /><testcase classname="tests.unit.infra.ml_models.test_probe_head.TestLinearProbeHead" name="test_various_dimensions[1024-2]" time="0.004" /><testcase classname="tests.unit.utils.test_coverage_legitimate.TestUtilityFunctions" name="test_time_utils" time="0.001" /><testcase classname="tests.unit.domain.abnormal.test_enhanced.TestEnhancedAbnormalityDetection" name="test_hparams_typing" time="0.001" /><testcase classname="tests.unit.utils.test_coverage_legitimate.TestApplicationConfig" name="test_config_defaults" time="0.001" /><testcase classname="tests.unit.infra.ml_models.test_probe_head.TestLinearProbeHead" name="test_various_dimensions[2048-3]" time="0.001" /><testcase classname="tests.unit.domain.abnormal.test_enhanced.TestEnhancedAbnormalityDetection" name="test_freeze_backbone_setting" time="0.002" /><testcase classname="tests.unit.utils.test_coverage_legitimate.TestApplicationConfig" name="test_config_path_methods" time="0.114" /><testcase classname="tests.unit.api.test_legitimate_api.TestAPISchemas" name="test_analysis_request_validation" time="0.001" /><testcase classname="tests.unit.infra.ml_models.test_probe_head.TestLinearProbeHead" name="test_dimension_mismatch_error" time="0.058" /><testcase classname="tests.unit.domain.abnormal.test_enhanced.TestEnhancedAbnormalityDetection" name="test_forward_pass" time="0.002" /><testcase classname="tests.unit.api.test_legitimate_api.TestAPISchemas" name="test_qc_response_schema" time="0.001" /><testcase classname="tests.unit.domain.abnormal.test_enhanced.TestEnhancedAbnormalityDetection" name="test_training_step" time="0.002" /><testcase classname="tests.unit.api.test_legitimate_api.TestAPISchemas" name="test_sleep_analysis_response" time="0.001" /><testcase classname="tests.unit.api.test_legitimate_api.TestAPIDependencies" name="test_get_cache" time="0.001" /><testcase classname="tests.unit.domain.abnormal.test_enhanced.TestEnhancedAbnormalityDetection" name="test_validation_step" time="0.003" /><testcase classname="tests.unit.api.test_legitimate_api.TestAPIDependencies" name="test_get_job_store" time="0.001" /><testcase classname="tests.unit.infra.ml_models.test_pipeline.TestEEGPTWindowExtraction" name="test_extract_windows_short_data" time="0.094" /><testcase classname="tests.unit.api.test_legitimate_api.TestAPIModels" name="test_job_model" time="0.001" /><testcase classname="tests.unit.domain.abnormal.test_enhanced.TestEnhancedAbnormalityDetection" name="test_configure_optimizers" time="0.002" /><testcase classname="tests.unit.api.test_legitimate_api.TestAPICache" name="test_redis_cache_import" time="0.001" /><testcase classname="tests.unit.domain.abnormal.test_preprocessor.TestEEGPreprocessor" name="test_full_preprocessing_pipeline" time="5.194" /><testcase classname="tests.unit.domain.abnormal.test_enhanced.TestEnhancedAbnormalityDetection" name="test_scheduler_types" time="0.011" /><testcase classname="tests.unit.api.test_legitimate_api.TestAPISettings" name="test_settings_import" time="0.001" /><testcase classname="tests.unit.api.test_legitimate_api.TestAPIExceptionHandlers" name="test_http_exception_creation" time="0.029" /><testcase classname="tests.unit.domain.abnormal.test_enhanced.TestEnhancedAbnormalityDetection" name="test_layer_decay_configuration" time="0.002" /><testcase classname="tests.unit.domain.preprocessing.test_window_extractor_edges.TestLinearProbeHeadErrors" name="test_linear_probe_3d_input_error" time="0.001" /><testcase classname="tests.unit.infra.ml_models.test_probe_head.TestLinearProbeHead" name="test_gpu_compatibility" time="0.647" /><testcase classname="tests.unit.domain.abnormal.test_enhanced.TestEnhancedAbnormalityDetection" name="test_warmup_configuration" time="0.001" /><testcase classname="tests.unit.domain.preprocessing.test_window_extractor_edges.TestLinearProbeHeadErrors" name="test_linear_probe_empty_batch" time="0.001" /><testcase classname="tests.unit.domain.abnormal.test_enhanced.TestEnhancedAbnormalityDetection" name="test_metrics_computation" time="0.052" /><testcase classname="tests.unit.domain.preprocessing.test_window_extractor_edges.TestTimeUtilities" name="test_time_utils_format" time="0.001" /><testcase classname="tests.unit.domain.preprocessing.test_window_extractor_edges.TestTimeUtilities" name="test_utc_now_is_utc" time="0.001" /><testcase classname="tests.unit.api.test_legitimate_api.TestAPIExceptionHandlers" name="test_validation_error_handling" time="0.014" /><testcase classname="tests.unit.domain.preprocessing.test_window_extractor_edges.TestTimeUtilities" name="test_format_timestamp_consistency" time="0.001" /><testcase classname="tests.unit.infra.adapters.test_autoreject.TestSyntheticPositionGenerator" name="test_autoreject_compatibility" time="0.003" /><testcase classname="tests.unit.domain.preprocessing.test_window_extractor_edges.TestSerializationFallback" name="test_serialize_unknown_type_raises" time="0.001" /><testcase classname="tests.unit.utils.test_coverage_legitimate.TestSerializationUtils" name="test_serialization_imports" time="0.001" /><testcase classname="tests.unit.domain.preprocessing.test_flexible.TestFlexibleEEGPreprocessor" name="test_preprocessor_initialization" time="0.001" /><testcase classname="tests.unit.infra.adapters.test_autoreject.TestSyntheticPositionGenerator" name="test_fallback_for_unknown_channels" time="0.003" /><testcase classname="tests.unit.domain.preprocessing.test_window_extractor_edges.TestSerializationFallback" name="test_serialize_numpy_array_raises" time="0.001" /><testcase classname="tests.unit.utils.test_coverage_legitimate.TestSerializationUtils" name="test_safe_load" time="0.169" /><testcase classname="tests.unit.domain.preprocessing.test_window_extractor_edges.TestSerializationFallback" name="test_serialize_circular_reference" time="0.003" /><testcase classname="tests.unit.infra.ml_models.test_pipeline.TestEEGPTWindowExtraction" name="test_extract_windows_different_sampling_rate" time="0.091" /><testcase classname="tests.unit.infra.adapters.test_autoreject.TestSyntheticPositionGenerator" name="test_position_consistency" time="0.011" /><testcase classname="tests.unit.domain.preprocessing.test_window_extractor_edges.TestEDFValidatorEdgeCases" name="test_edf_validator_rejects_short_header" time="0.002" /><testcase classname="tests.unit.infra.ml_models.test_pipeline.TestEEGPTFeatureExtraction" name="test_extract_features_single_window" time="0.001" /><testcase classname="tests.unit.domain.preprocessing.test_window_extractor.TestWindowExtractor" name="test_extracts_correct_window_size" time="0.002" /><testcase classname="tests.unit.infra.ml_models.test_pipeline.TestEEGPTFeatureExtraction" name="test_extract_features_batch" time="0.005" /><testcase classname="tests.unit.domain.preprocessing.test_window_extractor.TestWindowExtractor" name="test_calculates_correct_number_of_windows" time="0.005" /><testcase classname="tests.unit.domain.preprocessing.test_window_extractor_edges.TestEDFValidatorEdgeCases" name="test_edf_validator_empty_file" time="0.003" /><testcase classname="tests.unit.infra.adapters.test_autoreject.TestAutoRejectIntegration" name="test_full_pipeline_with_parameters[10.0-5.0]" time="0.009" /><testcase classname="tests.unit.domain.preprocessing.test_window_extractor.TestWindowExtractor" name="test_handles_50_percent_overlap" time="0.001" /><testcase classname="tests.unit.infra.ml_models.test_pipeline.TestEEGPTFeatureExtraction" name="test_extract_features_with_channel_names" time="0.001" /><testcase classname="tests.unit.domain.preprocessing.test_window_extractor_edges.TestEDFValidatorEdgeCases" name="test_edf_validator_nonexistent_file" time="0.001" /><testcase classname="tests.unit.infra.adapters.test_autoreject.TestAutoRejectIntegration" name="test_full_pipeline_with_parameters[10.0-10.0]" time="0.023" /><testcase classname="tests.unit.domain.preprocessing.test_window_extractor.TestWindowExtractor" name="test_returns_empty_for_insufficient_data" time="0.001" /><testcase classname="tests.unit.domain.preprocessing.test_window_extractor_edges.TestEDFValidatorEdgeCases" name="test_edf_validator_directory_input" time="0.001" /><testcase classname="tests.unit.infra.ml_models.test_pipeline.TestEEGPTFeatureExtraction" name="test_extract_features_gpu" time="0.001" /><testcase classname="tests.unit.domain.preprocessing.test_window_extractor.TestWindowExtractor" name="test_preserves_channel_order" time="0.001" /><testcase classname="tests.unit.domain.preprocessing.test_window_extractor.TestWindowExtractor" name="test_handles_different_sampling_rates" time="0.007" /><testcase classname="tests.unit.infra.adapters.test_autoreject.TestAutoRejectIntegration" name="test_full_pipeline_with_parameters[8.0-4.0]" time="0.009" /><testcase classname="tests.unit.infra.serialization.test_registry.TestSerializationRegistry" name="test_register_valid_dataclass" time="0.001" /><testcase classname="tests.unit.domain.preprocessing.test_window_extractor.TestWindowExtractor" name="test_get_window_timestamps" time="0.002" /><testcase classname="tests.unit.api.routers.test_eegpt.TestEEGPTRouterClean" name="test_analyze_with_probe_abnormality" time="1.020" /><testcase classname="tests.unit.infra.ml_models.test_pipeline.TestEEGPTPipeline" name="test_extract_features_from_raw" time="0.045" /><testcase classname="tests.unit.infra.serialization.test_registry.TestSerializationRegistry" name="test_register_invalid_dataclass" time="0.001" /><testcase classname="tests.unit.domain.preprocessing.test_window_extractor.TestWindowValidator" name="test_validates_window_shape" time="0.001" /><testcase classname="tests.unit.models.test_eegpt_model.TestEEGPTConfig" name="test_default_config" time="0.001" /><testcase classname="tests.unit.infra.serialization.test_registry.TestSerializationRegistry" name="test_register_dataclass_without_methods" time="0.001" /><testcase classname="tests.unit.domain.preprocessing.test_window_extractor.TestWindowValidator" name="test_detects_corrupted_windows" time="0.001" /><testcase classname="tests.unit.models.test_eegpt_model.TestEEGPTConfig" name="test_custom_config" time="0.000" /><testcase classname="tests.unit.infra.serialization.test_registry.TestSerializationRegistry" name="test_round_trip_serialization_single_class" time="0.001" /><testcase classname="tests.unit.domain.preprocessing.test_window_extractor.TestBatchWindowExtractor" name="test_extracts_windows_from_multiple_recordings" time="0.003" /><testcase classname="tests.unit.models.test_eegpt_model.TestEEGPTConfig" name="test_window_samples_calculation" time="0.001" /><testcase classname="tests.unit.infra.serialization.test_registry.TestSerializationRegistry" name="test_round_trip_multiple_classes" time="0.001" /><testcase classname="tests.unit.infra.ml_models.test_pipeline.TestEEGPTPipeline" name="test_abnormality_prediction_pipeline" time="0.005" /><testcase classname="tests.unit.models.test_eegpt_model.TestEEGPTConfig" name="test_window_config" time="0.001" /><testcase classname="tests.unit.api.test_models.TestJobModel" name="test_job_creation_with_required_fields" time="0.001" /><testcase classname="tests.unit.models.test_eegpt_model.TestEEGPTModel" name="test_model_initialization" time="0.001" /><testcase classname="tests.unit.api.test_models.TestJobModel" name="test_job_creation_with_all_fields" time="0.000" /><testcase classname="tests.unit.infra.serialization.test_registry.TestSerializationRegistry" name="test_serialize_unregistered_dataclass" time="0.005" /><testcase classname="tests.unit.infra.ml_models.test_pipeline.TestEEGPTPipeline" name="test_pipeline_error_handling" time="0.101" /><testcase classname="tests.unit.models.test_eegpt_model.TestEEGPTModel" name="test_forward_pass_shape" time="0.142" /><testcase classname="tests.unit.api.test_models.TestJobModel" name="test_job_validation_empty_job_id" time="0.001" /><testcase classname="tests.unit.api.test_models.TestJobModel" name="test_job_validation_empty_analysis_type" time="0.001" /><testcase classname="tests.unit.infra.serialization.test_registry.TestSerializationRegistry" name="test_deserialize_unregistered_class_passthrough" time="0.001" /><testcase classname="tests.unit.api.test_models.TestJobModel" name="test_job_validation_invalid_progress" time="0.002" /><testcase classname="tests.unit.infra.serialization.test_registry.TestSerializationRegistry" name="test_serialize_regular_types" time="0.001" /><testcase classname="tests.unit.infra.ml_models.test_robust_probe.TestRobustEEGPTLinearProbeClean" name="test_forward_with_nan_input" time="0.055" /><testcase classname="tests.unit.api.test_models.TestJobModel" name="test_job_to_dict" time="0.001" /><testcase classname="tests.unit.infra.ml_models.test_robust_probe.TestRobustEEGPTLinearProbeClean" name="test_freeze_backbone_parameters" time="0.001" /><testcase classname="tests.unit.infra.serialization.test_registry.TestSerializationRegistry" name="test_deserialize_invalid_json" time="0.001" /><testcase classname="tests.unit.domain.preprocessing.test_flexible.TestFlexibleEEGPreprocessor" name="test_preprocess_sleep_edf_without_positions" time="0.279" /><testcase classname="tests.unit.api.test_models.TestJobModel" name="test_job_from_dict" time="0.001" /><testcase classname="tests.unit.infra.serialization.test_registry.TestSerializationRegistry" name="test_registry_isolation" time="0.001" /><testcase classname="tests.unit.api.test_models.TestJobModel" name="test_job_immutability" time="0.001" /><testcase classname="tests.unit.api.test_models.TestJobModel" name="test_job_roundtrip_serialization" time="0.001" /><testcase classname="tests.unit.infra.serialization.test_registry.TestSerializationRegistry" name="test_complex_nested_data" time="0.001" /><testcase classname="tests.unit.utils.logging.test_logger.TestLoggerSingleton" name="test_logger_handlers_not_duplicated" time="0.001" /><testcase classname="tests.unit.domain.preprocessing.test_nan_policy.TestSanitizeData" name="test_sanitize_preserves_dtype" time="0.001" /><testcase classname="tests.unit.infra.data.test_edf_streaming.TestEDFStreamer" name="test_streamer_context_manager" time="0.000"><skipped type="pytest.skip" message="skipping data-backed tests (set BGB_DATA_ROOT and pass --run-data)">/mnt/c/Users/JJ/Desktop/Clarity-Digital-Twin/brain-go-brrr/tests/unit/infra/data/test_edf_streaming.py:63: skipping data-backed tests (set BGB_DATA_ROOT and pass --run-data)</skipped></testcase><testcase classname="tests.unit.domain.preprocessing.test_nan_policy.TestEdgeCases" name="test_empty_array" time="0.001" /><testcase classname="tests.unit.utils.logging.test_logger.TestLoggerSingleton" name="test_logger_propagation_disabled" time="0.001" /><testcase classname="tests.unit.infra.ml_models.test_compat_strict.TestStrictShapeContracts" name="test_unexpected_shape_raises_without_coerce" time="0.140" /><testcase classname="tests.unit.domain.preprocessing.test_nan_policy.TestEdgeCases" name="test_single_value_arrays" time="0.001" /><testcase classname="tests.unit.utils.logging.test_logger.TestLoggerSingleton" name="test_different_names_get_different_loggers" time="0.001" /><testcase classname="tests.unit.infra.data.test_edf_streaming.TestEDFStreamer" name="test_stream_chunks" time="0.000"><skipped type="pytest.skip" message="skipping data-backed tests (set BGB_DATA_ROOT and pass --run-data)">/mnt/c/Users/JJ/Desktop/Clarity-Digital-Twin/brain-go-brrr/tests/unit/infra/data/test_edf_streaming.py:74: skipping data-backed tests (set BGB_DATA_ROOT and pass --run-data)</skipped></testcase><testcase classname="tests.unit.domain.preprocessing.test_nan_policy.TestEdgeCases" name="test_mixed_positive_negative_inf" time="0.001" /><testcase classname="tests.unit.utils.logging.test_logger.TestLoggerSingleton" name="test_logger_level_setting" time="0.001" /><testcase classname="tests.unit.domain.preprocessing.test_nan_policy.TestEdgeCases" name="test_large_arrays" time="0.026" /><testcase classname="tests.unit.utils.logging.test_logger.TestLoggerSingleton" name="test_repeated_imports_dont_duplicate_handlers" time="0.004" /><testcase classname="tests.unit.infra.data.test_edf_streaming.TestEDFStreamer" name="test_process_in_windows" time="0.000"><skipped type="pytest.skip" message="skipping data-backed tests (set BGB_DATA_ROOT and pass --run-data)">/mnt/c/Users/JJ/Desktop/Clarity-Digital-Twin/brain-go-brrr/tests/unit/infra/data/test_edf_streaming.py:93: skipping data-backed tests (set BGB_DATA_ROOT and pass --run-data)</skipped></testcase><testcase classname="tests.unit.infra.ml_models.test_robust_probe.TestRobustEEGPTLinearProbeClean" name="test_multi_class_classification" time="0.076" /><testcase classname="tests.unit.infra.ml_models.test_pipeline.TestEEGPTConfig" name="test_default_config" time="0.001" /><testcase classname="tests.unit.utils.logging.test_logger.TestLoggerSingleton" name="test_logger_without_rich_console" time="0.001" /><testcase classname="tests.unit.infra.data.test_edf_streaming.TestEDFStreamer" name="test_process_in_windows_with_overlap" time="0.000"><skipped type="pytest.skip" message="skipping data-backed tests (set BGB_DATA_ROOT and pass --run-data)">/mnt/c/Users/JJ/Desktop/Clarity-Digital-Twin/brain-go-brrr/tests/unit/infra/data/test_edf_streaming.py:107: skipping data-backed tests (set BGB_DATA_ROOT and pass --run-data)</skipped></testcase><testcase classname="tests.unit.infra.ml_models.test_pipeline.TestEEGPTConfig" name="test_custom_config" time="0.001" /><testcase classname="tests.unit.utils.logging.test_logger.TestLoggerSingleton" name="test_logger_with_file_handler" time="0.207" /><testcase classname="tests.unit.infra.ml_models.test_pipeline.TestEEGPTConfig" name="test_config_validation" time="0.001" /><testcase classname="tests.unit.models.test_linear_probe.TestLinearProbe" name="test_linear_probe_initialization" time="0.001" /><testcase classname="tests.unit.infra.data.test_edf_streaming.TestEDFStreamer" name="test_get_info" time="0.000"><skipped type="pytest.skip" message="skipping data-backed tests (set BGB_DATA_ROOT and pass --run-data)">/mnt/c/Users/JJ/Desktop/Clarity-Digital-Twin/brain-go-brrr/tests/unit/infra/data/test_edf_streaming.py:125: skipping data-backed tests (set BGB_DATA_ROOT and pass --run-data)</skipped></testcase><testcase classname="tests.unit.models.test_linear_probe.TestLinearProbe" name="test_linear_probe_forward" time="0.066" /><testcase classname="tests.unit.models.test_eegpt_model.TestEEGPTModel" name="test_preprocess_for_eegpt" time="0.149" /><testcase classname="tests.unit.infra.data.test_edf_streaming.TestEDFStreamer" name="test_invalid_overlap" time="0.000"><skipped type="pytest.skip" message="skipping data-backed tests (set BGB_DATA_ROOT and pass --run-data)">/mnt/c/Users/JJ/Desktop/Clarity-Digital-Twin/brain-go-brrr/tests/unit/infra/data/test_edf_streaming.py:134: skipping data-backed tests (set BGB_DATA_ROOT and pass --run-data)</skipped></testcase><testcase classname="tests.unit.infra.data.test_edf_streaming.TestMemoryEstimation" name="test_estimate_memory_usage" time="0.000"><skipped type="pytest.skip" message="skipping data-backed tests (set BGB_DATA_ROOT and pass --run-data)">/mnt/c/Users/JJ/Desktop/Clarity-Digital-Twin/brain-go-brrr/tests/unit/infra/data/test_edf_streaming.py:147: skipping data-backed tests (set BGB_DATA_ROOT and pass --run-data)</skipped></testcase><testcase classname="tests.unit.infra.ml_models.test_robust_probe.TestRobustEEGPTLinearProbeClean" name="test_mixed_precision_compatibility" time="0.299" /><testcase classname="tests.unit.infra.data.test_edf_streaming.TestMemoryEstimation" name="test_process_large_edf_streaming_decision" time="0.000"><skipped type="pytest.skip" message="skipping data-backed tests (set BGB_DATA_ROOT and pass --run-data)">/mnt/c/Users/JJ/Desktop/Clarity-Digital-Twin/brain-go-brrr/tests/unit/infra/data/test_edf_streaming.py:181: skipping data-backed tests (set BGB_DATA_ROOT and pass --run-data)</skipped></testcase><testcase classname="tests.unit.models.test_linear_probe.TestLinearProbe" name="test_linear_probe_dropout" time="0.001" /><testcase classname="tests.unit.infra.data.test_edf_streaming.TestMemoryEstimation" name="test_process_small_edf_no_streaming" time="0.000"><skipped type="pytest.skip" message="skipping data-backed tests (set BGB_DATA_ROOT and pass --run-data)">/mnt/c/Users/JJ/Desktop/Clarity-Digital-Twin/brain-go-brrr/tests/unit/infra/data/test_edf_streaming.py:207: skipping data-backed tests (set BGB_DATA_ROOT and pass --run-data)</skipped></testcase><testcase classname="tests.unit.api.routers.test_resources.TestResourcesRouterClean" name="test_get_memory_resources" time="0.446" /><testcase classname="tests.unit.models.test_linear_probe.TestLinearProbe" name="test_linear_probe_multiclass" time="0.001" /><testcase classname="tests.unit.utils.test_collate.TestTUABCollate" name="test_collate_19_channels" time="0.002" /><testcase classname="tests.unit.infra.ml_models.test_compat_strict.TestStrictShapeContracts" name="test_packed_tokens_raises_without_coerce" time="0.002" /><testcase classname="tests.unit.models.test_linear_probe.TestLinearProbe" name="test_linear_probe_binary_decision" time="0.001" /><testcase classname="tests.unit.utils.test_collate.TestTUABCollate" name="test_collate_20_channels_workaround" time="0.001" /><testcase classname="tests.unit.infra.ml_models.test_compat_strict.TestStrictShapeContracts" name="test_summary_true_returns_batch_512" time="0.002" /><testcase classname="tests.unit.utils.test_collate.TestTUABCollate" name="test_collate_tensor_labels" time="0.001" /><testcase classname="tests.unit.utils.test_collate.TestTUABCollate" name="test_collate_invalid_channels_raises" time="0.001" /><testcase classname="tests.unit.infra.ml_models.test_compat_strict.TestStrictShapeContracts" name="test_summary_false_returns_batch_4_512" time="0.002" /><testcase classname="tests.unit.models.test_linear_probe.TestTwoLayerProbe" name="test_two_layer_initialization" time="0.010"><skipped type="pytest.skip" message="TwoLayerProbe module not found">/mnt/c/Users/JJ/Desktop/Clarity-Digital-Twin/brain-go-brrr/tests/unit/models/test_linear_probe.py:125: TwoLayerProbe module not found</skipped></testcase><testcase classname="tests.unit.utils.test_collate.TestTUEVCollate" name="test_collate_20_channels" time="0.001" /><testcase classname="tests.unit.infra.ml_models.test_compat_strict.TestStrictShapeContracts" name="test_tiling_summary_raises_without_coerce" time="0.001" /><testcase classname="tests.unit.utils.test_collate.TestTUEVCollate" name="test_collate_tensor_labels" time="0.001" /><testcase classname="tests.unit.infra.ml_models.test_compat_strict.TestStrictShapeContracts" name="test_single_sample_keeps_batch_dimension" time="0.001" /><testcase classname="tests.unit.utils.test_collate.TestTUEVCollate" name="test_collate_invalid_channels_raises" time="0.002" /><testcase classname="tests.unit.models.test_linear_probe.TestTwoLayerProbe" name="test_two_layer_forward" time="0.010"><skipped type="pytest.skip" message="TwoLayerProbe module not found">/mnt/c/Users/JJ/Desktop/Clarity-Digital-Twin/brain-go-brrr/tests/unit/models/test_linear_probe.py:137: TwoLayerProbe module not found</skipped></testcase><testcase classname="tests.unit.utils.test_collate.TestTUEVCollate" name="test_collate_preserves_label_range" time="0.002" /><testcase classname="tests.unit.infra.ml_models.test_compat_strict.TestPrepareForEEGPT" name="test_padding_assertion" time="0.024" /><testcase classname="tests.unit.models.test_linear_probe.TestProbeTraining" name="test_probe_gradient_flow" time="0.037" /><testcase classname="tests.unit.application.config.test_config.TestConfig" name="test_default_config_creation" time="0.026" /><testcase classname="tests.unit.domain.preprocessing.test_flexible.TestFlexibleEEGPreprocessor" name="test_preprocess_tuh_with_positions" time="3.737" /><testcase classname="tests.unit.infra.ml_models.test_compat_strict.TestPrepareForEEGPT" name="test_sampling_rate_assertion" time="0.061" /><testcase classname="tests.unit.models.test_eegpt_model.TestEEGPTModel" name="test_patch_embedding_dimension" time="0.001" /><testcase classname="tests.unit.api.test_schemas.TestJobSchemas" name="test_job_data_complete" time="0.001" /><testcase classname="tests.unit.application.config.test_config.TestConfig" name="test_model_config_defaults" time="0.001" /><testcase classname="tests.unit.models.test_eegpt_model.TestModelInference" name="test_batch_inference" time="0.001" /><testcase classname="tests.unit.api.test_schemas.TestJobSchemas" name="test_job_status_transitions" time="0.000" /><testcase classname="tests.unit.application.config.test_config.TestConfig" name="test_training_config_defaults" time="0.002" /><testcase classname="tests.unit.api.test_schemas.TestJobSchemas" name="test_job_priority_levels" time="0.001" /><testcase classname="tests.unit.models.test_eegpt_model.TestModelInference" name="test_single_sample_inference" time="0.001" /><testcase classname="tests.unit.api.test_schemas.TestAnalysisResponses" name="test_sleep_analysis_response" time="0.001" /><testcase classname="tests.unit.application.config.test_config.TestConfig" name="test_config_with_custom_values" time="0.028" /><testcase classname="tests.unit.cli.test_commands.TestCLICommands" name="test_cli_help" time="0.406" /><testcase classname="tests.unit.utils.logging.test_logger.TestLoggerSingleton" name="test_logger_with_all_options" time="0.002" /><testcase classname="tests.unit.api.test_schemas.TestAnalysisResponses" name="test_qc_response" time="0.001" /><testcase classname="tests.unit.api.test_schemas.TestAnalysisResponses" name="test_analysis_request" time="0.001" /><testcase classname="tests.unit.utils.logging.test_logger.TestLoggerSingleton" name="test_logger_creates_parent_directories" time="0.003" /><testcase classname="tests.unit.api.test_schemas.TestAnalysisResponses" name="test_job_create_request" time="0.001" /><testcase classname="tests.unit.infra.ml_models.test_preprocessing.TestValidateEEGInput" name="test_rejects_wrong_dimensionality" time="0.001" /><testcase classname="tests.unit.domain.sleep.test_preprocessor.TestSleepPreprocessor" name="test_basic_preprocessing" time="0.105" /><testcase classname="tests.unit.application.config.test_config.TestConfig" name="test_directory_creation" time="0.035" /><testcase classname="tests.unit.infra.ml_models.test_preprocessing.TestValidateEEGInput" name="test_channel_count_bounds" time="0.001" /><testcase classname="tests.unit.infra.ml_models.test_compat_strict.TestPrepareForEEGPT" name="test_nan_validation" time="0.006" /><testcase classname="tests.unit.infra.ml_models.test_preprocessing.TestValidateEEGInput" name="test_sample_tolerance" time="0.001" /><testcase classname="tests.unit.infra.ml_models.test_compat_strict.TestSupportsMethod" name="test_sleep_analyzer_supports" time="0.011" /><testcase classname="tests.unit.infra.ml_models.test_preprocessing.TestValidateEEGInput" name="test_nan_inf_and_range" time="0.001" /><testcase classname="tests.unit.infra.ml_models.test_preprocessing.TestExtractWindows" name="test_no_overlap" time="0.001" /><testcase classname="tests.unit.application.config.test_config.TestConfig" name="test_model_config_invalid_window_duration" time="0.002" /><testcase classname="tests.unit.infra.ml_models.test_preprocessing.TestExtractWindows" name="test_with_overlap" time="0.001" /><testcase classname="tests.unit.infra.ml_models.test_preprocessing.TestPrepareBatch" name="test_pad_and_trim_channels" time="0.001" /><testcase classname="tests.unit.application.config.test_config.TestConfig" name="test_model_config_missing_model_path" time="0.002" /><testcase classname="tests.smoke.test_imports" name="test_services_imports" time="0.001" /><testcase classname="tests.benchmarks.test_eegpt_microbench.TestEEGPTMicrobenchmark" name="test_extract_features_cpu_performance" time="0.001"><error message="failed on setup with &quot;file /mnt/c/Users/JJ/Desktop/Clarity-Digital-Twin/brain-go-brrr/tests/benchmarks/test_eegpt_microbench.py, line 14&#10;      @pytest.mark.benchmark&#10;      def test_extract_features_cpu_performance(self, benchmark):&#10;E       fixture 'benchmark' not found&#10;&gt;       available fixtures: _isolate_autoreject_cache, cache, capfd, capfdbinary, caplog, capsys, capsysbinary, capteesys, channel_shuffled_raw, client, client_with_cache, cov, deterministic_seed, disable_autoreject_for_benchmarks, doctest_namespace, dummy_cache, fake_redis, force_seq_joblib, fresh_app, mne_mod, mock_abnormality_detector, mock_eeg_channels, mock_eeg_data, mock_eegpt_features, mock_eegpt_model, mock_qc_controller, monkeypatch, no_cover, old_channel_names, patched_qc_endpoint, perf_budget_factor, project_root, pytestconfig, record_property, record_testsuite_property, record_xml_attribute, recwarn, redis_client, redis_disabled_session, rng, sleep_edf_dir, sleep_edf_path, sleep_edf_raw_cropped, sleep_edf_raw_full, synthetic_sleep_raw, synthetic_tuab_raw, test_environment_setup, testrun_uid, tiny_edf, tmp_path, tmp_path_factory, tmpdir, tmpdir_factory, torch_generator, tuab_mini_dataset, tuab_sample_path, tuev_sample_path, valid_edf_content, valid_edf_file, worker_id&#10;&gt;       use 'pytest --fixtures [testpath]' for help on them.&#10;&#10;/mnt/c/Users/JJ/Desktop/Clarity-Digital-Twin/brain-go-brrr/tests/benchmarks/test_eegpt_microbench.py:14&quot;">file /mnt/c/Users/JJ/Desktop/Clarity-Digital-Twin/brain-go-brrr/tests/benchmarks/test_eegpt_microbench.py, line 14
      @pytest.mark.benchmark
      def test_extract_features_cpu_performance(self, benchmark):
E       fixture 'benchmark' not found
&gt;       available fixtures: _isolate_autoreject_cache, cache, capfd, capfdbinary, caplog, capsys, capsysbinary, capteesys, channel_shuffled_raw, client, client_with_cache, cov, deterministic_seed, disable_autoreject_for_benchmarks, doctest_namespace, dummy_cache, fake_redis, force_seq_joblib, fresh_app, mne_mod, mock_abnormality_detector, mock_eeg_channels, mock_eeg_data, mock_eegpt_features, mock_eegpt_model, mock_qc_controller, monkeypatch, no_cover, old_channel_names, patched_qc_endpoint, perf_budget_factor, project_root, pytestconfig, record_property, record_testsuite_property, record_xml_attribute, recwarn, redis_client, redis_disabled_session, rng, sleep_edf_dir, sleep_edf_path, sleep_edf_raw_cropped, sleep_edf_raw_full, synthetic_sleep_raw, synthetic_tuab_raw, test_environment_setup, testrun_uid, tiny_edf, tmp_path, tmp_path_factory, tmpdir, tmpdir_factory, torch_generator, tuab_mini_dataset, tuab_sample_path, tuev_sample_path, valid_edf_content, valid_edf_file, worker_id
&gt;       use 'pytest --fixtures [testpath]' for help on them.

/mnt/c/Users/JJ/Desktop/Clarity-Digital-Twin/brain-go-brrr/tests/benchmarks/test_eegpt_microbench.py:14</error></testcase><testcase classname="tests.unit.infra.ml_models.test_robust_probe.TestRobustEEGPTLinearProbeClean" name="test_different_batch_sizes" time="0.015" /><testcase classname="tests.smoke.test_imports" name="test_preprocessing_imports" time="0.113" /><testcase classname="tests.benchmarks.test_eegpt_microbench.TestEEGPTMicrobenchmark" name="test_extract_features_scaling[1-512]" time="0.002" /><testcase classname="tests.unit.infra.data.test_edf_loader.TestEdfLoader" name="test_load_edf_safe_success" time="0.000"><skipped type="pytest.skip" message="skipping data-backed tests (set BGB_DATA_ROOT and pass --run-data)">/mnt/c/Users/JJ/Desktop/Clarity-Digital-Twin/brain-go-brrr/tests/unit/infra/data/test_edf_loader.py:12: skipping data-backed tests (set BGB_DATA_ROOT and pass --run-data)</skipped></testcase><testcase classname="tests.benchmarks.test_eegpt_microbench.TestEEGPTMicrobenchmark" name="test_extract_features_scaling[1-1024]" time="0.001" /><testcase classname="tests.benchmarks.test_eegpt_microbench.TestEEGPTMicrobenchmark" name="test_extract_features_scaling[1-2048]" time="0.002" /><testcase classname="tests.benchmarks.test_eegpt_microbench.TestEEGPTMicrobenchmark" name="test_extract_features_scaling[4-1024]" time="0.002" /><testcase classname="tests.unit.infra.ml_models.test_robust_probe.TestRobustEEGPTLinearProbeClean" name="test_probe_head_architecture" time="0.001" /><testcase classname="tests.unit.infra.data.test_edf_loader.TestEdfLoader" name="test_load_edf_safe_file_not_found" time="0.001"><skipped type="pytest.skip" message="skipping data-backed tests (set BGB_DATA_ROOT and pass --run-data)">/mnt/c/Users/JJ/Desktop/Clarity-Digital-Twin/brain-go-brrr/tests/unit/infra/data/test_edf_loader.py:29: skipping data-backed tests (set BGB_DATA_ROOT and pass --run-data)</skipped></testcase><testcase classname="tests.benchmarks.test_eegpt_microbench.TestEEGPTMicrobenchmark" name="test_shape_validation_overhead" time="0.007" /><testcase classname="tests.unit.api.routers.test_eegpt.TestEEGPTRouterClean" name="test_analyze_with_probe_sleep" time="0.015" /><testcase classname="tests.unit.infra.external.test_yasa_smoothing.TestYASASmoothing" name="test_smoothing_removes_short_transitions" time="0.026" /><testcase classname="tests.unit.infra.data.test_edf_loader.TestEdfLoader" name="test_load_edf_safe_invalid_format" time="0.000"><skipped type="pytest.skip" message="skipping data-backed tests (set BGB_DATA_ROOT and pass --run-data)">/mnt/c/Users/JJ/Desktop/Clarity-Digital-Twin/brain-go-brrr/tests/unit/infra/data/test_edf_loader.py:44: skipping data-backed tests (set BGB_DATA_ROOT and pass --run-data)</skipped></testcase><testcase classname="tests.unit.infra.ml_models.test_probe_unified.TestProbeInitialization" name="test_linear_architecture_with_injected_backbone" time="0.221" /><testcase classname="tests.unit.domain.sleep.test_preprocessor.TestSleepPreprocessor" name="test_resampling" time="0.009" /><testcase classname="tests.unit.infra.data.test_edf_loader.TestEdfLoader" name="test_validate_edf_path_valid" time="0.000"><skipped type="pytest.skip" message="skipping data-backed tests (set BGB_DATA_ROOT and pass --run-data)">/mnt/c/Users/JJ/Desktop/Clarity-Digital-Twin/brain-go-brrr/tests/unit/infra/data/test_edf_loader.py:59: skipping data-backed tests (set BGB_DATA_ROOT and pass --run-data)</skipped></testcase><testcase classname="tests.unit.api.routers.test_eegpt.TestEEGPTRouterClean" name="test_analyze_with_probe_invalid_file" time="0.049" /><testcase classname="tests.unit.domain.preprocessing.test_core.TestBandpassFilter" name="test_bandpass_respects_nyquist" time="0.044" /><testcase classname="tests.unit.domain.sleep.test_preprocessor.TestSleepPreprocessor" name="test_no_aggressive_filtering" time="0.006" /><testcase classname="tests.unit.infra.external.test_yasa_smoothing.TestYASASmoothing" name="test_smoothing_preserves_long_periods" time="0.001" /><testcase classname="tests.unit.infra.data.test_edf_loader.TestEdfLoader" name="test_validate_edf_path_invalid" time="0.000"><skipped type="pytest.skip" message="skipping data-backed tests (set BGB_DATA_ROOT and pass --run-data)">/mnt/c/Users/JJ/Desktop/Clarity-Digital-Twin/brain-go-brrr/tests/unit/infra/data/test_edf_loader.py:80: skipping data-backed tests (set BGB_DATA_ROOT and pass --run-data)</skipped></testcase><testcase classname="tests.unit.infra.external.test_yasa_smoothing.TestYASASmoothing" name="test_smoothing_window_size" time="0.002" /><testcase classname="tests.unit.domain.sleep.test_preprocessor.TestSleepPreprocessor" name="test_average_reference" time="0.006" /><testcase classname="tests.unit.infra.data.test_edf_loader.TestEdfLoader" name="test_load_with_kwargs" time="0.000"><skipped type="pytest.skip" message="skipping data-backed tests (set BGB_DATA_ROOT and pass --run-data)">/mnt/c/Users/JJ/Desktop/Clarity-Digital-Twin/brain-go-brrr/tests/unit/infra/data/test_edf_loader.py:102: skipping data-backed tests (set BGB_DATA_ROOT and pass --run-data)</skipped></testcase><testcase classname="tests.unit.infra.external.test_yasa_smoothing.TestYASASmoothing" name="test_smoothing_edge_handling" time="0.001" /><testcase classname="tests.unit.infra.test_safe_load.TestSafeLoad" name="test_safe_load_roundtrip" time="0.209" /><testcase classname="tests.unit.domain.sleep.test_preprocessor.TestSleepPreprocessor" name="test_no_reference_option" time="0.005" /><testcase classname="tests.unit.infra.external.test_yasa_smoothing.TestYASASmoothing" name="test_stage_sleep_with_smoothing" time="3.709" /><testcase classname="tests.unit.domain.sleep.test_preprocessor.TestSleepPreprocessor" name="test_channel_type_setting" time="0.007" /><testcase classname="tests.unit.domain.preprocessing.test_core.TestBandpassFilter" name="test_bandpass_invalid_frequencies" time="0.001" /><testcase classname="tests.unit.api.routers.test_eegpt.TestEEGPTRouterClean" name="test_analyze_with_probe_small_file" time="0.011" /><testcase classname="tests.unit.domain.sleep.test_preprocessor.TestSleepPreprocessor" name="test_filter_parameters" time="0.005" /><testcase classname="tests.unit.infra.external.test_yasa_adapter.TestYASASleepStager" name="test_stage_sleep_basic" time="0.062" /><testcase classname="tests.unit.domain.preprocessing.test_core.TestNormalizer" name="test_zscore_normalization" time="0.001" /><testcase classname="tests.smoke.test_imports" name="test_core_job_models_imports" time="0.002" /><testcase classname="tests.unit.domain.preprocessing.test_core.TestNormalizer" name="test_minmax_normalization" time="0.001" /><testcase classname="tests.unit.api.routers.test_eegpt.TestEEGPTRouterClean" name="test_analyze_with_probe_edf_load_error" time="0.010" /><testcase classname="tests.smoke.test_imports" name="test_cache_port_protocol" time="0.000" /><testcase classname="tests.unit.domain.preprocessing.test_core.TestResampler" name="test_resample_preserves_duration" time="0.001" /><testcase classname="tests.smoke.test_imports" name="test_infra_cache_factory" time="0.001" /><testcase classname="tests.smoke.test_imports" name="test_api_still_has_job_models" time="0.001" /><testcase classname="tests.unit.domain.preprocessing.test_core.TestResampler" name="test_no_resample_when_same_freq" time="0.001" /><testcase classname="tests.unit.api.routers.test_eegpt.TestEEGPTRouterClean" name="test_get_available_probes" time="0.006" /><testcase classname="tests.unit.api.routers.test_resources.TestResourcesRouterClean" name="test_get_gpu_resources_with_gputil" time="0.004" /><testcase classname="tests.unit.api.routers.test_resources_clean.TestResourcesRouter" name="test_get_memory_resources" time="0.007" /><testcase classname="tests.unit.domain.preprocessing.test_core.TestNotchFilter" name="test_notch_filter_50hz" time="0.002" /><testcase classname="tests.unit.api.routers.test_eegpt.TestEEGPTRouterClean" name="test_analyze_sleep_stages" time="0.012" /><testcase classname="tests.unit.api.routers.test_resources_clean.TestResourcesRouter" name="test_get_gpu_resources_no_gputil" time="0.004" /><testcase classname="tests.unit.domain.preprocessing.test_core.TestNotchFilter" name="test_notch_filter_harmonics" time="0.001" /><testcase classname="tests.unit.api.routers.test_resources.TestResourcesRouterClean" name="test_get_gpu_resources_without_gputil" time="0.009" /><testcase classname="tests.unit.infra.external.test_yasa_adapter.TestYASASleepStager" name="test_stage_sleep_short_data_error" time="0.002" /><testcase classname="tests.unit.domain.preprocessing.test_core.TestPreprocessingPipeline" name="test_pipeline_execution_order" time="0.005" /><testcase classname="tests.unit.api.routers.test_resources_clean.TestResourcesRouter" name="test_get_gpu_resources_with_gpus" time="0.005" /><testcase classname="tests.unit.api.routers.test_eegpt.TestEEGPTRouterClean" name="test_analyze_batch" time="0.016" /><testcase classname="tests.unit.infra.external.test_yasa_adapter.TestYASASleepStager" name="test_channel_selection" time="0.002" /><testcase classname="tests.unit.api.routers.test_resources.TestResourcesRouterClean" name="test_get_gpu_resources_with_error" time="0.005" /><testcase classname="tests.unit.domain.preprocessing.test_core.TestPreprocessingPipeline" name="test_empty_pipeline" time="0.001" /><testcase classname="tests.unit.api.routers.test_resources_clean.TestResourcesRouter" name="test_get_gpu_resources_error" time="0.005" /><testcase classname="tests.unit.infra.external.test_yasa_adapter.TestYASASleepStager" name="test_yasa_to_standard_stage" time="0.001" /><testcase classname="tests.unit.api.routers.test_resources.TestResourcesRouterClean" name="test_get_memory_high_usage" time="0.007" /><testcase classname="tests.unit.application.pipeline.test_orchestration.TestTriageMapping" name="test_get_triage_level" time="0.001" /><testcase classname="tests.unit.api.routers.test_eegpt.TestEEGPTRouterClean" name="test_analyze_batch_fallback_probe" time="0.016" /><testcase classname="tests.unit.api.routers.test_resources_clean.TestResourcesRouter" name="test_get_gpu_resources_empty_list" time="0.004" /><testcase classname="tests.unit.infra.external.test_yasa_adapter.TestYASASleepStager" name="test_calculate_sleep_metrics" time="0.001" /><testcase classname="tests.unit.api.routers.test_resources.TestResourcesRouterClean" name="test_get_gpu_multiple_gpus" time="0.004" /><testcase classname="tests.unit.application.pipeline.test_orchestration.TestPredictAbnormality" name="test_predict_without_probe_abnormal" time="0.010" /><testcase classname="tests.unit.infra.external.test_yasa_adapter.TestYASASleepStager" name="test_process_full_night" time="0.098" /><testcase classname="tests.unit.api.test_dependencies.TestAPIDependencies" name="test_get_cache_returns_none_when_not_initialized" time="0.001" /><testcase classname="tests.unit.api.test_dependencies.TestAPIDependencies" name="test_get_cache_returns_cache_when_initialized" time="0.001" /><testcase classname="tests.unit.api.routers.test_resources.TestResourcesRouterClean" name="test_get_memory_low_memory_scenario" time="0.005" /><testcase classname="tests.unit.domain.sleep.test_analysis.TestSleepAnalyzer" name="test_handles_short_recordings" time="0.000"><skipped type="pytest.skip" message="skipping data-backed tests (set BGB_DATA_ROOT and pass --run-data)">/mnt/c/Users/JJ/Desktop/Clarity-Digital-Twin/brain-go-brrr/tests/unit/domain/sleep/test_analysis.py:154: skipping data-backed tests (set BGB_DATA_ROOT and pass --run-data)</skipped></testcase><testcase classname="tests.unit.api.test_dependencies.TestAPIDependencies" name="test_get_job_store_returns_dict" time="0.001" /><testcase classname="tests.unit.application.pipeline.test_orchestration.TestPredictAbnormality" name="test_predict_without_probe_normal" time="0.001" /><testcase classname="tests.unit.api.test_dependencies.TestAPIDependencies" name="test_get_job_store_returns_empty_dict_by_default" time="0.001" /><testcase classname="tests.unit.api.routers.test_resources.TestResourcesRouterClean" name="test_get_gpu_attribute_error" time="0.009" /><testcase classname="tests.unit.application.pipeline.test_orchestration.TestPredictAbnormality" name="test_predict_with_model_path_calls_factory" time="0.001" /><testcase classname="tests.unit.api.test_dependencies.TestAPIDependencies" name="test_module_level_globals_exist" time="0.001" /><testcase classname="tests.unit.domain.sleep.test_analysis.TestSleepAnalyzer" name="test_handles_missing_channels" time="0.000"><skipped type="pytest.skip" message="skipping data-backed tests (set BGB_DATA_ROOT and pass --run-data)">/mnt/c/Users/JJ/Desktop/Clarity-Digital-Twin/brain-go-brrr/tests/unit/domain/sleep/test_analysis.py:172: skipping data-backed tests (set BGB_DATA_ROOT and pass --run-data)</skipped></testcase><testcase classname="tests.unit.application.jobs.test_serialization.TestJobDataSerialization" name="test_jobdata_to_dict" time="0.001" /><testcase classname="tests.unit.infra.ml_models.test_rotary_embedding.TestRotaryEmbeddingFix" name="test_rotary_embedding_dimensions" time="0.043" /><testcase classname="tests.unit.application.pipeline.test_orchestration.TestPredictAbnormality" name="test_missing_probe_path_is_ignored" time="0.004" /><testcase classname="tests.unit.application.jobs.test_serialization.TestJobDataSerialization" name="test_jobdata_from_dict" time="0.003" /><testcase classname="tests.unit.domain.sleep.test_analysis.TestSleepAnalyzer" name="test_channel_selection[1-expected_channels0]" time="0.000"><skipped type="pytest.skip" message="skipping data-backed tests (set BGB_DATA_ROOT and pass --run-data)">/mnt/c/Users/JJ/Desktop/Clarity-Digital-Twin/brain-go-brrr/tests/unit/domain/sleep/test_analysis.py:196: skipping data-backed tests (set BGB_DATA_ROOT and pass --run-data)</skipped></testcase><testcase classname="tests.unit.infra.serialization.test_core" name="test_serialize_basic_types" time="0.001" /><testcase classname="tests.unit.infra.ml_models.test_probe_unified.TestProbeInitialization" name="test_two_layer_architecture" time="0.003" /><testcase classname="tests.unit.infra.serialization.test_core" name="test_deserialize_basic_types" time="0.002" /><testcase classname="tests.unit.application.jobs.test_serialization.TestJobDataSerialization" name="test_jobdata_roundtrip" time="0.001" /><testcase classname="tests.unit.domain.sleep.test_analysis.TestSleepAnalyzer" name="test_channel_selection[2-expected_channels1]" time="0.000"><skipped type="pytest.skip" message="skipping data-backed tests (set BGB_DATA_ROOT and pass --run-data)">/mnt/c/Users/JJ/Desktop/Clarity-Digital-Twin/brain-go-brrr/tests/unit/domain/sleep/test_analysis.py:196: skipping data-backed tests (set BGB_DATA_ROOT and pass --run-data)</skipped></testcase><testcase classname="tests.unit.infra.ml_models.test_probe_unified.TestProbeBranches" name="test_robust_mode_replaces_nans_and_clips" time="0.005" /><testcase classname="tests.unit.application.jobs.test_serialization.TestJobDataSerialization" name="test_cache_layer_handles_jobdata" time="0.001" /><testcase classname="tests.unit.infra.serialization.test_core" name="test_serializable_registry" time="0.001" /><testcase classname="tests.unit.utils.logging.test_mask" name="test_mask_path_for_log_masks_extension_and_hash" time="0.001" /><testcase classname="tests.unit.infra.serialization.test_core" name="test_serialize_complex_nested" time="0.001" /><testcase classname="tests.unit.domain.sleep.test_analysis.TestSleepAnalyzer" name="test_channel_selection[6-expected_channels2]" time="0.000"><skipped type="pytest.skip" message="skipping data-backed tests (set BGB_DATA_ROOT and pass --run-data)">/mnt/c/Users/JJ/Desktop/Clarity-Digital-Twin/brain-go-brrr/tests/unit/domain/sleep/test_analysis.py:196: skipping data-backed tests (set BGB_DATA_ROOT and pass --run-data)</skipped></testcase><testcase classname="tests.unit.infra.ml_models.test_probe_unified.TestProbeBranches" name="test_channel_adapter_path" time="0.111" /><testcase classname="tests.unit.application.test_threadsafe_job_store.TestThreadSafeJobStore" name="test_create_get_update_patch_delete" time="0.001" /><testcase classname="tests.unit.utils.logging.test_mask" name="test_mask_path_for_log_handles_empty" time="0.001" /><testcase classname="tests.unit.infra.test_safe_load.TestSafeLoad" name="test_safe_load_with_string_path" time="0.002" /><testcase classname="tests.unit.ml.test_eegpt_wrapper" name="test_create_normalized_eegpt_uses_adjacent_normalization" time="0.100" /><testcase classname="tests.unit.application.test_threadsafe_job_store.TestThreadSafeJobStore" name="test_list_and_counts_and_cleanup" time="0.001" /><testcase classname="tests.unit.infra.ml_models.test_rotary_embedding.TestRotaryEmbeddingFix" name="test_apply_rotary_pos_emb_shapes" time="0.007" /><testcase classname="tests.unit.utils.logging.test_mask" name="test_mask_path_respects_debug_override" time="0.001" /><testcase classname="tests.unit.infra.test_safe_load.TestSafeLoad" name="test_safe_load_nonexistent_file" time="0.082" /><testcase classname="tests.unit.application.test_threadsafe_job_store.TestThreadSafeJobStore" name="test_global_store_singleton_like" time="0.001" /><testcase classname="tests.unit.cli.test_commands.TestCLICommands" name="test_train_help" time="0.011" /><testcase classname="tests.unit.utils.logging.test_mask" name="test_logger_filter_masks_paths_in_messages" time="0.001" /><testcase classname="tests.unit.infra.external.test_yasa_adapter.TestHierarchicalPipelineYASAAdapter" name="test_adapter_interface" time="0.042" /><testcase classname="tests.unit.infra.ml_models.test_rotary_embedding.TestRotaryEmbeddingFix" name="test_attention_forward_with_correct_shapes" time="0.147" /><testcase classname="tests.unit.domain.test_constraints_layers" name="test_linear_with_constraint_enforces_max_norm" time="0.018" /><testcase classname="tests.unit.cli.test_commands.TestCLICommands" name="test_preprocess_help" time="0.008" /><testcase classname="tests.unit.data.test_edf_streaming_edges" name="test_stream_chunks_beyond_eof_errors" time="0.001"><skipped type="pytest.skip" message="skipping data-backed tests (set BGB_DATA_ROOT and pass --run-data)">/mnt/c/Users/JJ/Desktop/Clarity-Digital-Twin/brain-go-brrr/tests/unit/data/test_edf_streaming_edges.py:25: skipping data-backed tests (set BGB_DATA_ROOT and pass --run-data)</skipped></testcase><testcase classname="tests.unit.cli.test_commands.TestCLICommands" name="test_evaluate_help" time="0.008" /><testcase classname="tests.unit.infra.test_safe_load.TestSafeLoad" name="test_safe_load_corrupt_file" time="0.005" /><testcase classname="tests.unit.domain.test_constraints_layers" name="test_linear_without_constraint_does_not_renorm" time="0.001" /><testcase classname="tests.unit.data.test_edf_streaming_edges" name="test_stream_chunks_handles_final_partial_chunk" time="0.000"><skipped type="pytest.skip" message="skipping data-backed tests (set BGB_DATA_ROOT and pass --run-data)">/mnt/c/Users/JJ/Desktop/Clarity-Digital-Twin/brain-go-brrr/tests/unit/data/test_edf_streaming_edges.py:33: skipping data-backed tests (set BGB_DATA_ROOT and pass --run-data)</skipped></testcase><testcase classname="tests.unit.ml.test_eegpt_wrapper" name="test_extract_features_shapes_and_nan_rejection" time="0.006" /><testcase classname="tests.unit.domain.test_constraints_layers" name="test_conv1d_with_constraint_path" time="0.351" /><testcase classname="tests.unit.infra.ml_models.test_probe_unified.TestProbeBranches" name="test_return_all_temporal_branch" time="0.004" /><testcase classname="tests.unit.infra.test_safe_load.TestSafeLoad" name="test_safe_load_empty_checkpoint" time="0.006" /><testcase classname="tests.unit.cli.test_commands.TestCLICommands" name="test_serve_help" time="0.008" /><testcase classname="tests.unit.data.test_edf_streaming_edges" name="test_stream_chunks_exact_boundary" time="0.000"><skipped type="pytest.skip" message="skipping data-backed tests (set BGB_DATA_ROOT and pass --run-data)">/mnt/c/Users/JJ/Desktop/Clarity-Digital-Twin/brain-go-brrr/tests/unit/data/test_edf_streaming_edges.py:49: skipping data-backed tests (set BGB_DATA_ROOT and pass --run-data)</skipped></testcase><testcase classname="tests.unit.ml.test_eegpt_wrapper" name="test_forward_branch_without_return_all_temporal" time="0.001" /><testcase classname="tests.unit.infra.test_safe_load.TestSafeLoad" name="test_safe_load_with_tensors" time="0.073" /><testcase classname="tests.unit.infra.ml_models.test_linear_probe.TestLinearProbe" name="test_linear_with_constraint" time="0.025" /><testcase classname="tests.unit.infra.ml_models.test_probe_unified.TestProbeBranches" name="test_unexpected_feature_shape_raises" time="0.002" /><testcase classname="tests.unit.infra.external.test_yasa_adapter.TestHierarchicalPipelineYASAAdapter" name="test_adapter_error_handling" time="0.003" /><testcase classname="tests.unit.ml.test_eegpt_wrapper" name="test_estimate_and_override_normalization" time="0.024" /><testcase classname="tests.unit.cli.test_commands.TestCLICommands" name="test_invalid_command" time="0.003" /><testcase time="0.000" /><testcase classname="tests.unit.cli.test_commands.TestCLICommands" name="test_version_flag" time="0.003" /><testcase classname="tests.unit.infra.external.test_yasa_adapter.TestLightGBMFallback" name="test_lightgbm_available" time="0.005" /><testcase classname="tests.unit.infra.ml_models.test_linear_probe.TestLinearProbe" name="test_eegpt_linear_probe_components" time="0.115" /><testcase time="0.000" /><testcase classname="tests.unit.infra.external.test_yasa_adapter.TestLightGBMFallback" name="test_lightgbm_not_available" time="0.003" /><testcase classname="tests.unit.domain.test_exceptions_hierarchy" name="test_all_exceptions_instantiate" time="0.001" /><testcase classname="tests.unit.domain.test_exceptions_hierarchy" name="test_exception_inheritance_chain" time="0.001" /><testcase classname="tests.unit.domain.abnormal.test_accuracy.TestModelBenchmarks" name="test_compare_to_baseline_models" time="0.001" /><testcase classname="tests.smoke.test_end_to_end_wiring" name="test_quality_controller_end_to_end_wiring" time="2.257" /><testcase classname="tests.benchmarks.test_smoke" name="test_benchmark_smoke" time="0.001"><error message="failed on setup with &quot;file /mnt/c/Users/JJ/Desktop/Clarity-Digital-Twin/brain-go-brrr/tests/benchmarks/test_smoke.py, line 4&#10;  def test_benchmark_smoke(benchmark):&#10;E       fixture 'benchmark' not found&#10;&gt;       available fixtures: _isolate_autoreject_cache, cache, capfd, capfdbinary, caplog, capsys, capsysbinary, capteesys, channel_shuffled_raw, client, client_with_cache, cov, deterministic_seed, disable_autoreject_for_benchmarks, doctest_namespace, dummy_cache, fake_redis, force_seq_joblib, fresh_app, mne_mod, mock_abnormality_detector, mock_eeg_channels, mock_eeg_data, mock_eegpt_features, mock_eegpt_model, mock_qc_controller, monkeypatch, no_cover, old_channel_names, patched_qc_endpoint, perf_budget_factor, project_root, pytestconfig, record_property, record_testsuite_property, record_xml_attribute, recwarn, redis_client, redis_disabled_session, rng, sleep_edf_dir, sleep_edf_path, sleep_edf_raw_cropped, sleep_edf_raw_full, synthetic_sleep_raw, synthetic_tuab_raw, test_environment_setup, testrun_uid, tiny_edf, tmp_path, tmp_path_factory, tmpdir, tmpdir_factory, torch_generator, tuab_mini_dataset, tuab_sample_path, tuev_sample_path, valid_edf_content, valid_edf_file, worker_id&#10;&gt;       use 'pytest --fixtures [testpath]' for help on them.&#10;&#10;/mnt/c/Users/JJ/Desktop/Clarity-Digital-Twin/brain-go-brrr/tests/benchmarks/test_smoke.py:4&quot;">file /mnt/c/Users/JJ/Desktop/Clarity-Digital-Twin/brain-go-brrr/tests/benchmarks/test_smoke.py, line 4
  def test_benchmark_smoke(benchmark):
E       fixture 'benchmark' not found
&gt;       available fixtures: _isolate_autoreject_cache, cache, capfd, capfdbinary, caplog, capsys, capsysbinary, capteesys, channel_shuffled_raw, client, client_with_cache, cov, deterministic_seed, disable_autoreject_for_benchmarks, doctest_namespace, dummy_cache, fake_redis, force_seq_joblib, fresh_app, mne_mod, mock_abnormality_detector, mock_eeg_channels, mock_eeg_data, mock_eegpt_features, mock_eegpt_model, mock_qc_controller, monkeypatch, no_cover, old_channel_names, patched_qc_endpoint, perf_budget_factor, project_root, pytestconfig, record_property, record_testsuite_property, record_xml_attribute, recwarn, redis_client, redis_disabled_session, rng, sleep_edf_dir, sleep_edf_path, sleep_edf_raw_cropped, sleep_edf_raw_full, synthetic_sleep_raw, synthetic_tuab_raw, test_environment_setup, testrun_uid, tiny_edf, tmp_path, tmp_path_factory, tmpdir, tmpdir_factory, torch_generator, tuab_mini_dataset, tuab_sample_path, tuev_sample_path, valid_edf_content, valid_edf_file, worker_id
&gt;       use 'pytest --fixtures [testpath]' for help on them.

/mnt/c/Users/JJ/Desktop/Clarity-Digital-Twin/brain-go-brrr/tests/benchmarks/test_smoke.py:4</error></testcase><testcase time="0.001" /><testcase classname="tests.unit.data.test_edf_loader_unit" name="test_validate_edf_path_errors" time="0.000"><skipped type="pytest.skip" message="skipping data-backed tests (set BGB_DATA_ROOT and pass --run-data)">/mnt/c/Users/JJ/Desktop/Clarity-Digital-Twin/brain-go-brrr/tests/unit/data/test_edf_loader_unit.py:19: skipping data-backed tests (set BGB_DATA_ROOT and pass --run-data)</skipped></testcase><testcase classname="tests.unit.infra.redis.test_caching.TestRedisCaching" name="test_cache_hit_on_repeated_analysis" time="1.482" /><testcase classname="tests.unit.data.test_edf_loader_unit" name="test_load_edf_safe_translates_errors" time="0.001"><skipped type="pytest.skip" message="skipping data-backed tests (set BGB_DATA_ROOT and pass --run-data)">/mnt/c/Users/JJ/Desktop/Clarity-Digital-Twin/brain-go-brrr/tests/unit/data/test_edf_loader_unit.py:35: skipping data-backed tests (set BGB_DATA_ROOT and pass --run-data)</skipped></testcase><testcase classname="tests.unit.infra.external.test_yasa_compliance.TestYASACompliance" name="test_no_filtering_before_yasa" time="0.177" /><testcase classname="tests.unit.infra.ml_models.test_rotary_embedding.TestRotaryEmbeddingFix" name="test_eeg_transformer_forward_pass" time="0.169" /><testcase classname="tests.unit.infra.ml_models.test_linear_probe.TestLinearProbe" name="test_abnormality_detection_probe_config" time="0.002" /><testcase time="0.000" /><testcase classname="tests.unit.infra.ml_models.test_encoder_output" name="test_encoder_raw_output" time="0.850" /><testcase classname="tests.unit.infra.ml_models.test_rotary_embedding.TestRotaryEmbeddingFix" name="test_patch_embedding_calculation" time="0.001" /><testcase classname="tests.unit.infra.ml_models.test_wrapper.TestEEGPTWrapper" name="test_wrapper_initialization" time="0.003" /><testcase classname="tests.unit.infra.ml_models.test_wrapper.TestEEGPTWrapper" name="test_wrapper_forward" time="0.003" /><testcase classname="tests.unit.infra.ml_models.test_wrapper.TestEEGPTWrapper" name="test_wrapper_normalization" time="0.004" /><testcase classname="tests.unit.infra.redis.test_caching.TestRedisCaching" name="test_cache_key_generation" time="0.020" /><testcase classname="tests.unit.infra.redis.test_caching.TestRedisCaching" name="test_cache_expiration" time="0.014" /><testcase classname="tests.unit.infra.redis.test_caching.TestRedisCaching" name="test_cache_invalidation_on_different_file" time="0.021" /><testcase classname="tests.unit.infra.redis.test_caching.TestRedisCaching" name="test_cache_disabled_when_redis_unavailable" time="0.015" /><testcase classname="tests.unit.infra.redis.test_caching.TestRedisCaching" name="test_detailed_endpoint_caching" time="9.711" /><testcase classname="tests.unit.infra.redis.test_pool.TestRedisConnectionPool" name="test_execute_max_retries_exceeded" time="1.002" /><testcase classname="tests.unit.infra.ml_models.test_summary_tokens.TestLinearProbeIntegration" name="test_linear_probe_architecture" time="0.044" /><testcase classname="tests.smoke.test_end_to_end_wiring" name="test_abnormality_detector_end_to_end_wiring" time="1.548" /><testcase classname="tests.unit.infra.redis.test_pool.TestRedisConnectionPool" name="test_health_check" time="0.002" /><testcase classname="tests.unit.infra.redis.test_pool.TestRedisConnectionPool" name="test_health_check_failure" time="0.001" /><testcase classname="tests.unit.infra.redis.test_pool.TestRedisConnectionPool" name="test_get_stats" time="0.001" /><testcase classname="tests.unit.infra.redis.test_pool.TestRedisConnectionPool" name="test_reset_circuit_breaker" time="0.001" /><testcase classname="tests.unit.infra.redis.test_pool.TestRedisConnectionPool" name="test_close_pool" time="0.007" /><testcase classname="tests.unit.infra.redis.test_pool.TestGlobalPool" name="test_get_redis_pool_singleton" time="0.001" /><testcase classname="tests.unit.infra.redis.test_pool.TestGlobalPool" name="test_close_redis_pool" time="0.002" /><testcase classname="tests.unit.domain.preprocessing.test_flexible.TestFlexibleEEGPreprocessor" name="test_channel_name_mapping" time="0.002" /><testcase classname="tests.unit.domain.preprocessing.test_flexible.TestFlexibleEEGPreprocessor" name="test_smart_channel_selection" time="0.077" /><testcase classname="tests.unit.domain.preprocessing.test_flexible.TestFlexibleEEGPreprocessor" name="test_fallback_artifact_rejection" time="0.011" /><testcase classname="tests.unit.domain.preprocessing.test_flexible.TestFlexibleEEGPreprocessor" name="test_resampling_handling" time="3.518" /><testcase classname="tests.unit.infra.external.test_yasa_smoothing.TestYASASmoothing" name="test_smoothing_with_confidence_scores" time="0.653" /><testcase classname="tests.smoke.test_end_to_end_wiring" name="test_feature_extractor_end_to_end_wiring" time="2.288" /><testcase classname="tests.quality.test_code_quality.TestCodeQuality" name="test_no_fast_test_in_production" time="0.002" /><testcase classname="tests.quality.test_code_quality.TestCodeQuality" name="test_no_global_test_mode_in_classes" time="0.002" /><testcase classname="tests.quality.test_code_quality.TestCodeQuality" name="test_autoreject_not_globally_disabled" time="0.002" /><testcase classname="tests.quality.test_code_quality.TestCodeQuality" name="test_no_print_statements_in_src" time="0.001" /><testcase classname="tests.unit.domain.abnormal.test_preprocessor.TestEEGPreprocessor" name="test_preprocessing_handles_different_montages" time="2.652" /><testcase classname="tests.quality.test_code_quality.TestCodeQuality" name="test_proper_type_hints_in_key_modules" time="0.005" /><testcase classname="tests.unit.presentation.test_pdf_report.TestPDFReportGeneration" name="test_pdf_contains_warning_banner" time="3.591" /><testcase classname="tests.unit.presentation.test_markdown_report.TestMarkdownReportGeneration" name="test_markdown_contains_warning_section" time="0.001" /><testcase classname="tests.unit.presentation.test_markdown_report.TestMarkdownReportGeneration" name="test_markdown_summary_statistics" time="0.003" /><testcase classname="tests.unit.presentation.test_markdown_report.TestMarkdownReportGeneration" name="test_markdown_channel_quality_table" time="0.001" /><testcase classname="tests.unit.presentation.test_markdown_report.TestMarkdownReportGeneration" name="test_markdown_artifact_summary" time="0.001" /><testcase classname="tests.unit.presentation.test_markdown_report.TestMarkdownReportGeneration" name="test_markdown_for_normal_eeg" time="0.001" /><testcase classname="tests.unit.presentation.test_markdown_report.TestMarkdownReportGeneration" name="test_markdown_file_save" time="0.003" /><testcase classname="tests.unit.presentation.test_markdown_report.TestMarkdownReportGeneration" name="test_markdown_metadata_section" time="0.001" /><testcase classname="tests.unit.presentation.test_markdown_report.TestMarkdownReportGeneration" name="test_triage_flag_formatting" time="0.001" /><testcase classname="tests.unit.presentation.test_markdown_report.TestMarkdownReportGeneration" name="test_markdown_generation_performance" time="0.001" /><testcase classname="tests.unit.presentation.test_markdown_report.TestMarkdownReportGeneration" name="test_markdown_ascii_electrode_map" time="0.001" /><testcase classname="tests.unit.presentation.test_markdown_report.TestMarkdownReportGeneration" name="test_convert_pdf_results_to_markdown" time="0.002" /><testcase time="0.062" /><testcase classname="tests.unit.domain.preprocessing.test_flexible.TestFlexibleEEGPreprocessor" name="test_preprocessing_modes" time="0.001" /><testcase classname="tests.unit.domain.preprocessing.test_flexible.TestFlexibleEEGPreprocessor" name="test_preprocessing_pipeline_order" time="3.068" /><testcase classname="tests.unit.domain.abnormal.test_preprocessor.TestEEGPreprocessor" name="test_preprocessing_performance" time="4.326" /><testcase classname="tests.unit.presentation.test_pdf_report.TestPDFReportGeneration" name="test_electrode_heatmap_generation" time="0.014" /><testcase classname="tests.unit.presentation.test_pdf_report.TestPDFReportGeneration" name="test_artifact_examples_visualization" time="0.394" /><testcase classname="tests.unit.presentation.test_pdf_report.TestPDFReportGeneration" name="test_pdf_report_for_normal_eeg" time="2.450" /><testcase classname="tests.unit.domain.preprocessing.test_flexible.TestFlexibleEEGPreprocessor" name="test_error_handling" time="0.003" /><testcase classname="tests.unit.infra.redis.test_caching.TestRedisCaching" name="test_cache_behavior_across_endpoints[/api/v1/eeg/analyze-edf_file-basic]" time="0.015" /><testcase classname="tests.unit.infra.redis.test_caching.TestRedisCaching" name="test_cache_behavior_across_endpoints[/api/v1/eeg/analyze/detailed-edf_file-detailed]" time="2.937" /><testcase classname="tests.unit.domain.abnormal.test_preprocessor.TestEEGPreprocessor" name="test_notch_filter_frequencies[50]" time="0.061" /><testcase classname="tests.unit.domain.abnormal.test_preprocessor.TestEEGPreprocessor" name="test_notch_filter_frequencies[60]" time="0.059" /><testcase classname="tests.unit.domain.abnormal.test_preprocessor.TestBioSerenityE1Compliance" name="test_exact_filter_specifications" time="0.017" /><testcase classname="tests.unit.domain.abnormal.test_preprocessor.TestBioSerenityE1Compliance" name="test_window_size_for_128hz" time="0.063" /><testcase classname="tests.unit.presentation.test_pdf_report.TestPDFReportGeneration" name="test_pdf_metadata" time="3.127" /><testcase classname="tests.unit.infra.redis.test_caching.TestRedisCaching" name="test_bypass_mode_skips_cache" time="0.011" /><testcase classname="tests.unit.infra.redis.test_caching.TestRedisCaching" name="test_cache_stats_endpoint" time="0.006" /><testcase time="0.000" /><testcase classname="pytest" name="internal" time="0.000"><error message="internal error">def worker_internal_error(
        self, node: WorkerController, formatted_error: str
    ) -&gt; None:
        """
        pytest_internalerror() was called on the worker.
    
        pytest_internalerror() arguments are an excinfo and an excrepr, which can't
        be serialized, so we go with a poor man's solution of raising an exception
        here ourselves using the formatted message.
        """
        self._active_nodes.remove(node)
        try:
&gt;           assert False, formatted_error
E           AssertionError: Traceback (most recent call last):
E               File "/mnt/c/Users/JJ/Desktop/Clarity-Digital-Twin/brain-go-brrr/.venv/lib/python3.12/site-packages/coverage/sqlitedb.py", line 115, in _execute
E                 return self.con.execute(sql, parameters)    # type: ignore[arg-type]
E                        ^^^^^^^^^^^^^^^^^^^^^^^^^^^^^^^^^
E             sqlite3.OperationalError: no such table: file
E             
E             During handling of the above exception, another exception occurred:
E             
E             Traceback (most recent call last):
E               File "/mnt/c/Users/JJ/Desktop/Clarity-Digital-Twin/brain-go-brrr/.venv/lib/python3.12/site-packages/coverage/sqlitedb.py", line 120, in _execute
E                 return self.con.execute(sql, parameters)    # type: ignore[arg-type]
E                        ^^^^^^^^^^^^^^^^^^^^^^^^^^^^^^^^^
E             sqlite3.OperationalError: no such table: file
E             
E             The above exception was the direct cause of the following exception:
E             
E             Traceback (most recent call last):
E               File "/mnt/c/Users/JJ/Desktop/Clarity-Digital-Twin/brain-go-brrr/.venv/lib/python3.12/site-packages/_pytest/main.py", line 289, in wrap_session
E                 session.exitstatus = doit(config, session) or 0
E                                      ^^^^^^^^^^^^^^^^^^^^^
E               File "/mnt/c/Users/JJ/Desktop/Clarity-Digital-Twin/brain-go-brrr/.venv/lib/python3.12/site-packages/_pytest/main.py", line 343, in _main
E                 config.hook.pytest_runtestloop(session=session)
E               File "/mnt/c/Users/JJ/Desktop/Clarity-Digital-Twin/brain-go-brrr/.venv/lib/python3.12/site-packages/pluggy/_hooks.py", line 512, in __call__
E                 return self._hookexec(self.name, self._hookimpls.copy(), kwargs, firstresult)
E                        ^^^^^^^^^^^^^^^^^^^^^^^^^^^^^^^^^^^^^^^^^^^^^^^^^^^^^^^^^^^^^^^^^^^^^^
E               File "/mnt/c/Users/JJ/Desktop/Clarity-Digital-Twin/brain-go-brrr/.venv/lib/python3.12/site-packages/pluggy/_manager.py", line 120, in _hookexec
E                 return self._inner_hookexec(hook_name, methods, kwargs, firstresult)
E                        ^^^^^^^^^^^^^^^^^^^^^^^^^^^^^^^^^^^^^^^^^^^^^^^^^^^^^^^^^^^^^
E               File "/mnt/c/Users/JJ/Desktop/Clarity-Digital-Twin/brain-go-brrr/.venv/lib/python3.12/site-packages/pluggy/_callers.py", line 167, in _multicall
E                 raise exception
E               File "/mnt/c/Users/JJ/Desktop/Clarity-Digital-Twin/brain-go-brrr/.venv/lib/python3.12/site-packages/pluggy/_callers.py", line 139, in _multicall
E                 teardown.throw(exception)
E               File "/mnt/c/Users/JJ/Desktop/Clarity-Digital-Twin/brain-go-brrr/.venv/lib/python3.12/site-packages/_pytest/logging.py", line 801, in pytest_runtestloop
E                 return (yield)  # Run all the tests.
E                         ^^^^^
E               File "/mnt/c/Users/JJ/Desktop/Clarity-Digital-Twin/brain-go-brrr/.venv/lib/python3.12/site-packages/pluggy/_callers.py", line 139, in _multicall
E                 teardown.throw(exception)
E               File "/mnt/c/Users/JJ/Desktop/Clarity-Digital-Twin/brain-go-brrr/.venv/lib/python3.12/site-packages/_pytest/terminal.py", line 688, in pytest_runtestloop
E                 result = yield
E                          ^^^^^
E               File "/mnt/c/Users/JJ/Desktop/Clarity-Digital-Twin/brain-go-brrr/.venv/lib/python3.12/site-packages/pluggy/_callers.py", line 152, in _multicall
E                 teardown.send(result)
E               File "/mnt/c/Users/JJ/Desktop/Clarity-Digital-Twin/brain-go-brrr/.venv/lib/python3.12/site-packages/pytest_cov/plugin.py", line 346, in pytest_runtestloop
E                 self.cov_controller.finish()
E               File "/mnt/c/Users/JJ/Desktop/Clarity-Digital-Twin/brain-go-brrr/.venv/lib/python3.12/site-packages/pytest_cov/engine.py", line 57, in ensure_topdir_wrapper
E                 return meth(self, *args, **kwargs)
E                        ^^^^^^^^^^^^^^^^^^^^^^^^^^^
E               File "/mnt/c/Users/JJ/Desktop/Clarity-Digital-Twin/brain-go-brrr/.venv/lib/python3.12/site-packages/pytest_cov/engine.py", line 471, in finish
E                 self.cov.save()
E               File "/mnt/c/Users/JJ/Desktop/Clarity-Digital-Twin/brain-go-brrr/.venv/lib/python3.12/site-packages/coverage/control.py", line 812, in save
E                 data = self.get_data()
E                        ^^^^^^^^^^^^^^^
E               File "/mnt/c/Users/JJ/Desktop/Clarity-Digital-Twin/brain-go-brrr/.venv/lib/python3.12/site-packages/coverage/control.py", line 893, in get_data
E                 self._post_save_work()
E               File "/mnt/c/Users/JJ/Desktop/Clarity-Digital-Twin/brain-go-brrr/.venv/lib/python3.12/site-packages/coverage/control.py", line 924, in _post_save_work
E                 self._data.touch_files(paths, plugin_name)
E               File "/mnt/c/Users/JJ/Desktop/Clarity-Digital-Twin/brain-go-brrr/.venv/lib/python3.12/site-packages/coverage/sqldata.py", line 620, in touch_files
E                 self._file_id(filename, add=True)
E               File "/mnt/c/Users/JJ/Desktop/Clarity-Digital-Twin/brain-go-brrr/.venv/lib/python3.12/site-packages/coverage/sqldata.py", line 416, in _file_id
E                 self._file_map[filename] = con.execute_for_rowid(
E                                            ^^^^^^^^^^^^^^^^^^^^^^
E               File "/mnt/c/Users/JJ/Desktop/Clarity-Digital-Twin/brain-go-brrr/.venv/lib/python3.12/site-packages/coverage/sqlitedb.py", line 171, in execute_for_rowid
E                 with self.execute(sql, parameters) as cur:
E                      ^^^^^^^^^^^^^^^^^^^^^^^^^^^^^
E               File "/usr/lib/python3.12/contextlib.py", line 137, in __enter__
E                 return next(self.gen)
E                        ^^^^^^^^^^^^^^
E               File "/mnt/c/Users/JJ/Desktop/Clarity-Digital-Twin/brain-go-brrr/.venv/lib/python3.12/site-packages/coverage/sqlitedb.py", line 150, in execute
E                 cur = self._execute(sql, parameters)
E                       ^^^^^^^^^^^^^^^^^^^^^^^^^^^^^^
E               File "/mnt/c/Users/JJ/Desktop/Clarity-Digital-Twin/brain-go-brrr/.venv/lib/python3.12/site-packages/coverage/sqlitedb.py", line 138, in _execute
E                 raise DataError(f"Couldn't use data file {self.filename!r}: {msg}") from exc
E             coverage.exceptions.DataError: Couldn't use data file '/mnt/c/Users/JJ/Desktop/Clarity-Digital-Twin/brain-go-brrr/.coverage.DESKTOP-L9V85UA.76490.XvcwRtQx.wgw3': no such table: file
E           assert False

.venv/lib/python3.12/site-packages/xdist/dsession.py:232: AssertionError</error><error message="internal error">Traceback (most recent call last):
  File "/mnt/c/Users/JJ/Desktop/Clarity-Digital-Twin/brain-go-brrr/.venv/lib/python3.12/site-packages/_pytest/main.py", line 289, in wrap_session
    session.exitstatus = doit(config, session) or 0
                         ^^^^^^^^^^^^^^^^^^^^^
  File "/mnt/c/Users/JJ/Desktop/Clarity-Digital-Twin/brain-go-brrr/.venv/lib/python3.12/site-packages/_pytest/main.py", line 343, in _main
    config.hook.pytest_runtestloop(session=session)
  File "/mnt/c/Users/JJ/Desktop/Clarity-Digital-Twin/brain-go-brrr/.venv/lib/python3.12/site-packages/pluggy/_hooks.py", line 512, in __call__
    return self._hookexec(self.name, self._hookimpls.copy(), kwargs, firstresult)
           ^^^^^^^^^^^^^^^^^^^^^^^^^^^^^^^^^^^^^^^^^^^^^^^^^^^^^^^^^^^^^^^^^^^^^^
  File "/mnt/c/Users/JJ/Desktop/Clarity-Digital-Twin/brain-go-brrr/.venv/lib/python3.12/site-packages/pluggy/_manager.py", line 120, in _hookexec
    return self._inner_hookexec(hook_name, methods, kwargs, firstresult)
           ^^^^^^^^^^^^^^^^^^^^^^^^^^^^^^^^^^^^^^^^^^^^^^^^^^^^^^^^^^^^^
  File "/mnt/c/Users/JJ/Desktop/Clarity-Digital-Twin/brain-go-brrr/.venv/lib/python3.12/site-packages/pluggy/_callers.py", line 167, in _multicall
    raise exception
  File "/mnt/c/Users/JJ/Desktop/Clarity-Digital-Twin/brain-go-brrr/.venv/lib/python3.12/site-packages/pluggy/_callers.py", line 139, in _multicall
    teardown.throw(exception)
  File "/mnt/c/Users/JJ/Desktop/Clarity-Digital-Twin/brain-go-brrr/.venv/lib/python3.12/site-packages/_pytest/logging.py", line 801, in pytest_runtestloop
    return (yield)  # Run all the tests.
            ^^^^^
  File "/mnt/c/Users/JJ/Desktop/Clarity-Digital-Twin/brain-go-brrr/.venv/lib/python3.12/site-packages/pluggy/_callers.py", line 139, in _multicall
    teardown.throw(exception)
  File "/mnt/c/Users/JJ/Desktop/Clarity-Digital-Twin/brain-go-brrr/.venv/lib/python3.12/site-packages/_pytest/terminal.py", line 688, in pytest_runtestloop
    result = yield
             ^^^^^
  File "/mnt/c/Users/JJ/Desktop/Clarity-Digital-Twin/brain-go-brrr/.venv/lib/python3.12/site-packages/pluggy/_callers.py", line 139, in _multicall
    teardown.throw(exception)
  File "/mnt/c/Users/JJ/Desktop/Clarity-Digital-Twin/brain-go-brrr/.venv/lib/python3.12/site-packages/pytest_cov/plugin.py", line 340, in pytest_runtestloop
    result = yield
             ^^^^^
  File "/mnt/c/Users/JJ/Desktop/Clarity-Digital-Twin/brain-go-brrr/.venv/lib/python3.12/site-packages/pluggy/_callers.py", line 121, in _multicall
    res = hook_impl.function(*args)
          ^^^^^^^^^^^^^^^^^^^^^^^^^
  File "/mnt/c/Users/JJ/Desktop/Clarity-Digital-Twin/brain-go-brrr/.venv/lib/python3.12/site-packages/xdist/dsession.py", line 138, in pytest_runtestloop
    self.loop_once()
  File "/mnt/c/Users/JJ/Desktop/Clarity-Digital-Twin/brain-go-brrr/.venv/lib/python3.12/site-packages/xdist/dsession.py", line 163, in loop_once
    call(**kwargs)
  File "/mnt/c/Users/JJ/Desktop/Clarity-Digital-Twin/brain-go-brrr/.venv/lib/python3.12/site-packages/xdist/dsession.py", line 218, in worker_workerfinished
    self._active_nodes.remove(node)
KeyError: &lt;WorkerController gw3&gt;</error></testcase></testsuite></testsuites>